gate	UNKNOWN STEP	﻿2026-09-13T19:42:45.1122654Z Current runner version: '2.337.0'
gate	UNKNOWN STEP	2026-09-13T19:42:45.1147687Z ##[group]Runner Image Provisioner
gate	UNKNOWN STEP	2026-09-13T19:42:45.1148519Z Hosted Compute Agent
gate	UNKNOWN STEP	2026-09-13T19:42:45.1149060Z Version: 20260828.587
gate	UNKNOWN STEP	2026-09-13T19:42:45.1149822Z Commit: abac92662cab4cc7352de4f9f9d2e2419aad9c29
gate	UNKNOWN STEP	2026-09-13T19:42:45.1150879Z Build Date: 2026-08-28T16:44:25Z
gate	UNKNOWN STEP	2026-09-13T19:42:45.1151851Z Worker ID: {619b3678-d27b-4e36-9d4f-ff2eab339cef}
gate	UNKNOWN STEP	2026-09-13T19:42:45.1152685Z Azure Region: northcentralus
gate	UNKNOWN STEP	2026-09-13T19:42:45.1153385Z ##[endgroup]
gate	UNKNOWN STEP	2026-09-13T19:42:45.1158749Z ##[group]Operating System
gate	UNKNOWN STEP	2026-09-13T19:42:45.1159535Z Ubuntu
gate	UNKNOWN STEP	2026-09-13T19:42:45.1160191Z 24.04.5
gate	UNKNOWN STEP	2026-09-13T19:42:45.1160815Z LTS
gate	UNKNOWN STEP	2026-09-13T19:42:45.1161346Z ##[endgroup]
gate	UNKNOWN STEP	2026-09-13T19:42:45.1161993Z ##[group]Runner Image
gate	UNKNOWN STEP	2026-09-13T19:42:45.1162761Z Image: ubuntu-24.04
gate	UNKNOWN STEP	2026-09-13T19:42:45.1163476Z Version: 20260907.300.1
gate	UNKNOWN STEP	2026-09-13T19:42:45.1164912Z Included Software: https://github.com/actions/runner-images/blob/ubuntu24/20260907.300/images/ubuntu/Ubuntu2404-Readme.md
gate	UNKNOWN STEP	2026-09-13T19:42:45.1166698Z Image Release: https://github.com/actions/runner-images/releases/tag/ubuntu24%2F20260907.300
gate	UNKNOWN STEP	2026-09-13T19:42:45.1167622Z ##[endgroup]
gate	UNKNOWN STEP	2026-09-13T19:42:45.1168850Z ##[group]GITHUB_TOKEN Permissions
gate	UNKNOWN STEP	2026-09-13T19:42:45.1171386Z Contents: read
gate	UNKNOWN STEP	2026-09-13T19:42:45.1171954Z Metadata: read
gate	UNKNOWN STEP	2026-09-13T19:42:45.1172526Z PullRequests: write
gate	UNKNOWN STEP	2026-09-13T19:42:45.1173125Z ##[endgroup]
gate	UNKNOWN STEP	2026-09-13T19:42:45.1175594Z Secret source: Actions
gate	UNKNOWN STEP	2026-09-13T19:42:45.1176696Z Cache mode: write
gate	UNKNOWN STEP	2026-09-13T19:42:45.1177697Z Prepare workflow directory
gate	UNKNOWN STEP	2026-09-13T19:42:45.1550733Z Prepare all required actions
gate	UNKNOWN STEP	2026-09-13T19:42:45.1622837Z Getting action download info
gate	UNKNOWN STEP	2026-09-13T19:42:45.3820053Z Download action repository 'actions/checkout@v4' (SHA:11d5960a326750d5838078e36cf38b85af677262)
gate	UNKNOWN STEP	2026-09-13T19:42:45.5128305Z Download action repository 'actions/setup-python@v5' (SHA:a26af69be951a213d495a4c3e4e4022e16d87065)
gate	UNKNOWN STEP	2026-09-13T19:42:45.6413512Z Download action repository 'actions/setup-node@v4' (SHA:49933ea5288caeca8642d1e84afbd3f7d6820020)
gate	UNKNOWN STEP	2026-09-13T19:42:45.8868935Z Complete job name: gate
gate	UNKNOWN STEP	2026-09-13T19:42:45.9578367Z Node 20 is being deprecated. This workflow is running with Node 24 by default. If you need to temporarily use Node 20, you can set the ACTIONS_ALLOW_USE_UNSECURE_NODE_VERSION=true environment variable. For more information see: https://github.blog/changelog/2025-09-19-deprecation-of-node-20-on-github-actions-runners/
gate	UNKNOWN STEP	2026-09-13T19:42:45.9587011Z ##[group]Run actions/checkout@v4
gate	UNKNOWN STEP	2026-09-13T19:42:45.9587740Z with:
gate	UNKNOWN STEP	2026-09-13T19:42:45.9588643Z   fetch-depth: 0
gate	UNKNOWN STEP	2026-09-13T19:42:45.9589184Z   repository: andaro74/beaconpave
gate	UNKNOWN STEP	2026-09-13T19:42:45.9593117Z   token: ***
gate	UNKNOWN STEP	2026-09-13T19:42:45.9593612Z   ssh-strict: true
gate	UNKNOWN STEP	2026-09-13T19:42:45.9594114Z   ssh-user: git
gate	UNKNOWN STEP	2026-09-13T19:42:45.9594661Z   persist-credentials: true
gate	UNKNOWN STEP	2026-09-13T19:42:45.9595200Z   clean: true
gate	UNKNOWN STEP	2026-09-13T19:42:45.9595962Z   sparse-checkout-cone-mode: true
gate	UNKNOWN STEP	2026-09-13T19:42:45.9596623Z   fetch-tags: false
gate	UNKNOWN STEP	2026-09-13T19:42:45.9597127Z   show-progress: true
gate	UNKNOWN STEP	2026-09-13T19:42:45.9597701Z   lfs: false
gate	UNKNOWN STEP	2026-09-13T19:42:45.9598272Z   submodules: false
gate	UNKNOWN STEP	2026-09-13T19:42:45.9598793Z   set-safe-directory: true
gate	UNKNOWN STEP	2026-09-13T19:42:45.9599351Z   allow-unsafe-pr-checkout: false
gate	UNKNOWN STEP	2026-09-13T19:42:45.9600139Z ##[endgroup]
gate	UNKNOWN STEP	2026-09-13T19:42:46.0581820Z Syncing repository: andaro74/beaconpave
gate	UNKNOWN STEP	2026-09-13T19:42:46.0583724Z ##[group]Getting Git version info
gate	UNKNOWN STEP	2026-09-13T19:42:46.0584580Z Working directory is '/home/runner/work/beaconpave/beaconpave'
gate	UNKNOWN STEP	2026-09-13T19:42:46.0586051Z [command]/usr/bin/git version
gate	UNKNOWN STEP	2026-09-13T19:42:46.0746779Z git version 2.55.0
gate	UNKNOWN STEP	2026-09-13T19:42:46.0763619Z ##[endgroup]
gate	UNKNOWN STEP	2026-09-13T19:42:46.0778246Z Temporarily overriding HOME='/home/runner/work/_temp/38179bbc-01fa-4172-b479-a80bcbb7850c' before making global git config changes
gate	UNKNOWN STEP	2026-09-13T19:42:46.0780421Z Adding repository directory to the temporary git global config as a safe directory
gate	UNKNOWN STEP	2026-09-13T19:42:46.0784124Z [command]/usr/bin/git config --global --add safe.directory /home/runner/work/beaconpave/beaconpave
gate	UNKNOWN STEP	2026-09-13T19:42:46.0836039Z Deleting the contents of '/home/runner/work/beaconpave/beaconpave'
gate	UNKNOWN STEP	2026-09-13T19:42:46.0841251Z ##[group]Initializing the repository
gate	UNKNOWN STEP	2026-09-13T19:42:46.0846024Z [command]/usr/bin/git init /home/runner/work/beaconpave/beaconpave
gate	UNKNOWN STEP	2026-09-13T19:42:46.0954045Z hint: Using 'master' as the name for the initial branch. This default branch name
gate	UNKNOWN STEP	2026-09-13T19:42:46.0955953Z hint: will change to "main" in Git 3.0. To configure the initial branch name
gate	UNKNOWN STEP	2026-09-13T19:42:46.0958132Z hint: to use in all of your new repositories, which will suppress this warning,
gate	UNKNOWN STEP	2026-09-13T19:42:46.0959515Z hint: call:
gate	UNKNOWN STEP	2026-09-13T19:42:46.0960198Z hint:
gate	UNKNOWN STEP	2026-09-13T19:42:46.0961143Z hint: 	git config --global init.defaultBranch <name>
gate	UNKNOWN STEP	2026-09-13T19:42:46.0962115Z hint:
gate	UNKNOWN STEP	2026-09-13T19:42:46.0963110Z hint: Names commonly chosen instead of 'master' are 'main', 'trunk' and
gate	UNKNOWN STEP	2026-09-13T19:42:46.0964476Z hint: 'development'. The just-created branch can be renamed via this command:
gate	UNKNOWN STEP	2026-09-13T19:42:46.0965800Z hint:
gate	UNKNOWN STEP	2026-09-13T19:42:46.0966603Z hint: 	git branch -m <name>
gate	UNKNOWN STEP	2026-09-13T19:42:46.0967386Z hint:
gate	UNKNOWN STEP	2026-09-13T19:42:46.0968353Z hint: Disable this message with "git config set advice.defaultBranchName false"
gate	UNKNOWN STEP	2026-09-13T19:42:46.0969920Z Initialized empty Git repository in /home/runner/work/beaconpave/beaconpave/.git/
gate	UNKNOWN STEP	2026-09-13T19:42:46.0972857Z [command]/usr/bin/git remote add origin https://github.com/andaro74/beaconpave
gate	UNKNOWN STEP	2026-09-13T19:42:46.1010526Z ##[endgroup]
gate	UNKNOWN STEP	2026-09-13T19:42:46.1011713Z ##[group]Disabling automatic garbage collection
gate	UNKNOWN STEP	2026-09-13T19:42:46.1013969Z [command]/usr/bin/git config --local gc.auto 0
gate	UNKNOWN STEP	2026-09-13T19:42:46.1040088Z ##[endgroup]
gate	UNKNOWN STEP	2026-09-13T19:42:46.1041160Z ##[group]Setting up auth
gate	UNKNOWN STEP	2026-09-13T19:42:46.1047044Z [command]/usr/bin/git config --local --name-only --get-regexp core\.sshCommand
gate	UNKNOWN STEP	2026-09-13T19:42:46.1073406Z [command]/usr/bin/git submodule foreach --recursive sh -c "git config --local --name-only --get-regexp 'core\.sshCommand' && git config --local --unset-all 'core.sshCommand' || :"
gate	UNKNOWN STEP	2026-09-13T19:42:46.1414296Z [command]/usr/bin/git config --local --name-only --get-regexp http\.https\:\/\/github\.com\/\.extraheader
gate	UNKNOWN STEP	2026-09-13T19:42:46.1447061Z [command]/usr/bin/git submodule foreach --recursive sh -c "git config --local --name-only --get-regexp 'http\.https\:\/\/github\.com\/\.extraheader' && git config --local --unset-all 'http.https://github.com/.extraheader' || :"
gate	UNKNOWN STEP	2026-09-13T19:42:46.1645900Z [command]/usr/bin/git config --local --name-only --get-regexp ^includeIf\.gitdir:
gate	UNKNOWN STEP	2026-09-13T19:42:46.1676327Z [command]/usr/bin/git submodule foreach --recursive git config --local --show-origin --name-only --get-regexp remote.origin.url
gate	UNKNOWN STEP	2026-09-13T19:42:46.1870549Z [command]/usr/bin/git config --local http.https://github.com/.extraheader AUTHORIZATION: basic ***
gate	UNKNOWN STEP	2026-09-13T19:42:46.1902582Z ##[endgroup]
gate	UNKNOWN STEP	2026-09-13T19:42:46.1903793Z ##[group]Fetching the repository
gate	UNKNOWN STEP	2026-09-13T19:42:46.1912138Z [command]/usr/bin/git -c protocol.version=2 fetch --prune --no-recurse-submodules origin +refs/heads/*:refs/remotes/origin/* +refs/tags/*:refs/tags/* +b7843925f015361cc616a2a5447c03b635bf1c5a:refs/remotes/pull/159/merge
gate	UNKNOWN STEP	2026-09-13T19:42:48.7097602Z From https://github.com/andaro74/beaconpave
gate	UNKNOWN STEP	2026-09-13T19:42:48.7108324Z  * [new branch]      citations-that-resolve                   -> origin/citations-that-resolve
gate	UNKNOWN STEP	2026-09-13T19:42:48.7110781Z  * [new branch]      diag-blackout-family                     -> origin/diag-blackout-family
gate	UNKNOWN STEP	2026-09-13T19:42:48.7113770Z  * [new branch]      diag-upgrade-required-vs-blackout        -> origin/diag-upgrade-required-vs-blackout
gate	UNKNOWN STEP	2026-09-13T19:42:48.7116202Z  * [new branch]      exhibit-g1-blocks                        -> origin/exhibit-g1-blocks
gate	UNKNOWN STEP	2026-09-13T19:42:48.7118608Z  * [new branch]      exhibit-m10-152-audit-ci                 -> origin/exhibit-m10-152-audit-ci
gate	UNKNOWN STEP	2026-09-13T19:42:48.7120397Z  * [new branch]      exhibit-m10-pr3-audit-ci                 -> origin/exhibit-m10-pr3-audit-ci
gate	UNKNOWN STEP	2026-09-13T19:42:48.7122526Z  * [new branch]      m00a-foundation                          -> origin/m00a-foundation
gate	UNKNOWN STEP	2026-09-13T19:42:48.7125169Z  * [new branch]      m00b-ungoverned-baseline                 -> origin/m00b-ungoverned-baseline
gate	UNKNOWN STEP	2026-09-13T19:42:48.7127520Z  * [new branch]      m01-gateway                              -> origin/m01-gateway
gate	UNKNOWN STEP	2026-09-13T19:42:48.7129700Z  * [new branch]      m02-exhibit-unregistered-tool            -> origin/m02-exhibit-unregistered-tool
gate	UNKNOWN STEP	2026-09-13T19:42:48.7131939Z  * [new branch]      m02-tool-plane                           -> origin/m02-tool-plane
gate	UNKNOWN STEP	2026-09-13T19:42:48.7133269Z  * [new branch]      m03-evals                                -> origin/m03-evals
gate	UNKNOWN STEP	2026-09-13T19:42:48.7134604Z  * [new branch]      m04-exhibit-polite-answer                -> origin/m04-exhibit-polite-answer
gate	UNKNOWN STEP	2026-09-13T19:42:48.7136829Z  * [new branch]      m04-gate                                 -> origin/m04-gate
gate	UNKNOWN STEP	2026-09-13T19:42:48.7138578Z  * [new branch]      m05-pr1-instruments                      -> origin/m05-pr1-instruments
gate	UNKNOWN STEP	2026-09-13T19:42:48.7140487Z  * [new branch]      m05-pr3-phantom-caller                   -> origin/m05-pr3-phantom-caller
gate	UNKNOWN STEP	2026-09-13T19:42:48.7142344Z  * [new branch]      m05-pr4a-floors                          -> origin/m05-pr4a-floors
gate	UNKNOWN STEP	2026-09-13T19:42:48.7143895Z  * [new branch]      m05-pr4b-verifier                        -> origin/m05-pr4b-verifier
gate	UNKNOWN STEP	2026-09-13T19:42:48.7145392Z  * [new branch]      m05-pr5-template                         -> origin/m05-pr5-template
gate	UNKNOWN STEP	2026-09-13T19:42:48.7146869Z  * [new branch]      m05-pr6-close                            -> origin/m05-pr6-close
gate	UNKNOWN STEP	2026-09-13T19:42:48.7148046Z  * [new branch]      m05-spec-draft6                          -> origin/m05-spec-draft6
gate	UNKNOWN STEP	2026-09-13T19:42:48.7149337Z  * [new branch]      m06-act-redeferral                       -> origin/m06-act-redeferral
gate	UNKNOWN STEP	2026-09-13T19:42:48.7150544Z  * [new branch]      m06-close                                -> origin/m06-close
gate	UNKNOWN STEP	2026-09-13T19:42:48.7152049Z  * [new branch]      m06-pr1a-what-the-gate-reads             -> origin/m06-pr1a-what-the-gate-reads
gate	UNKNOWN STEP	2026-09-13T19:42:48.7153727Z  * [new branch]      m06-pr1b-what-discharges-a-rule          -> origin/m06-pr1b-what-discharges-a-rule
gate	UNKNOWN STEP	2026-09-13T19:42:48.7155473Z  * [new branch]      m06-pr2-a-definition-security-owns       -> origin/m06-pr2-a-definition-security-owns
gate	UNKNOWN STEP	2026-09-13T19:42:48.7157192Z  * [new branch]      m06-pr3-adversarial-contracts            -> origin/m06-pr3-adversarial-contracts
gate	UNKNOWN STEP	2026-09-13T19:42:48.7159243Z  * [new branch]      m06-register-a26-a27                     -> origin/m06-register-a26-a27
gate	UNKNOWN STEP	2026-09-13T19:42:48.7161165Z  * [new branch]      m06-register-mapping                     -> origin/m06-register-mapping
gate	UNKNOWN STEP	2026-09-13T19:42:48.7163283Z  * [new branch]      m06-spec-register                        -> origin/m06-spec-register
gate	UNKNOWN STEP	2026-09-13T19:42:48.7165423Z  * [new branch]      m06-two-decisions-not-built              -> origin/m06-two-decisions-not-built
gate	UNKNOWN STEP	2026-09-13T19:42:48.7167315Z  * [new branch]      m07-pr6-close                            -> origin/m07-pr6-close
gate	UNKNOWN STEP	2026-09-13T19:42:48.7168688Z  * [new branch]      m08-budget                               -> origin/m08-budget
gate	UNKNOWN STEP	2026-09-13T19:42:48.7169842Z  * [new branch]      m08-pr1b-cold-read                       -> origin/m08-pr1b-cold-read
gate	UNKNOWN STEP	2026-09-13T19:42:48.7170989Z  * [new branch]      m08-pr2-register                         -> origin/m08-pr2-register
gate	UNKNOWN STEP	2026-09-13T19:42:48.7172090Z  * [new branch]      m08-pr3-ceiling                          -> origin/m08-pr3-ceiling
gate	UNKNOWN STEP	2026-09-13T19:42:48.7173261Z  * [new branch]      m08-pr4-rescore                          -> origin/m08-pr4-rescore
gate	UNKNOWN STEP	2026-09-13T19:42:48.7174367Z  * [new branch]      m08-pr5-close                            -> origin/m08-pr5-close
gate	UNKNOWN STEP	2026-09-13T19:42:48.7176066Z  * [new branch]      m08b-fresh-run                           -> origin/m08b-fresh-run
gate	UNKNOWN STEP	2026-09-13T19:42:48.7177312Z  * [new branch]      m08b-pr1b-amendment-1                    -> origin/m08b-pr1b-amendment-1
gate	UNKNOWN STEP	2026-09-13T19:42:48.7178528Z  * [new branch]      m08b-pr2-instrument                      -> origin/m08b-pr2-instrument
gate	UNKNOWN STEP	2026-09-13T19:42:48.7179933Z  * [new branch]      m08b-pr3-run                             -> origin/m08b-pr3-run
gate	UNKNOWN STEP	2026-09-13T19:42:48.7181048Z  * [new branch]      m08b-pr4-hermetic                        -> origin/m08b-pr4-hermetic
gate	UNKNOWN STEP	2026-09-13T19:42:48.7182827Z  * [new branch]      m08b-pr6-close                           -> origin/m08b-pr6-close
gate	UNKNOWN STEP	2026-09-13T19:42:48.7184417Z  * [new branch]      m09-pr2-followups                        -> origin/m09-pr2-followups
gate	UNKNOWN STEP	2026-09-13T19:42:48.7186159Z  * [new branch]      m09-pr2-instrument                       -> origin/m09-pr2-instrument
gate	UNKNOWN STEP	2026-09-13T19:42:48.7187931Z  * [new branch]      m09-pr5-close                            -> origin/m09-pr5-close
gate	UNKNOWN STEP	2026-09-13T19:42:48.7189489Z  * [new branch]      m09-rules                                -> origin/m09-rules
gate	UNKNOWN STEP	2026-09-13T19:42:48.7191152Z  * [new branch]      m09b-pr1-documents                       -> origin/m09b-pr1-documents
gate	UNKNOWN STEP	2026-09-13T19:42:48.7192977Z  * [new branch]      m09b-pr1c-withdrawal                     -> origin/m09b-pr1c-withdrawal
gate	UNKNOWN STEP	2026-09-13T19:42:48.7194890Z  * [new branch]      m09b-pr1d-replacement                    -> origin/m09b-pr1d-replacement
gate	UNKNOWN STEP	2026-09-13T19:42:48.7197622Z  * [new branch]      m09b-pr3-one-candidate-per-topic         -> origin/m09b-pr3-one-candidate-per-topic
gate	UNKNOWN STEP	2026-09-13T19:42:48.7199770Z  * [new branch]      m09b-pr5-close                           -> origin/m09b-pr5-close
gate	UNKNOWN STEP	2026-09-13T19:42:48.7201395Z  * [new branch]      m09c-pr1-spec                            -> origin/m09c-pr1-spec
gate	UNKNOWN STEP	2026-09-13T19:42:48.7203065Z  * [new branch]      m09c-pr2-close                           -> origin/m09c-pr2-close
gate	UNKNOWN STEP	2026-09-13T19:42:48.7204370Z  * [new branch]      m10-pr1-verdict-schema-and-spec          -> origin/m10-pr1-verdict-schema-and-spec
gate	UNKNOWN STEP	2026-09-13T19:42:48.7206477Z  * [new branch]      m10-pr2-spec-and-static-player           -> origin/m10-pr2-spec-and-static-player
gate	UNKNOWN STEP	2026-09-13T19:42:48.7208546Z  * [new branch]      m10-pr3-audit-and-cold-review            -> origin/m10-pr3-audit-and-cold-review
gate	UNKNOWN STEP	2026-09-13T19:42:48.7210192Z  * [new branch]      m10-pr4-close                            -> origin/m10-pr4-close
gate	UNKNOWN STEP	2026-09-13T19:42:48.7211432Z  * [new branch]      m11-pr2-drill-instrument                 -> origin/m11-pr2-drill-instrument
gate	UNKNOWN STEP	2026-09-13T19:42:48.7212933Z  * [new branch]      main                                     -> origin/main
gate	UNKNOWN STEP	2026-09-13T19:42:48.7214541Z  * [new branch]      throwaway-gate                           -> origin/throwaway-gate
gate	UNKNOWN STEP	2026-09-13T19:42:48.7216064Z  * [new branch]      throwaway-twokey                         -> origin/throwaway-twokey
gate	UNKNOWN STEP	2026-09-13T19:42:48.7217225Z  * [new tag]         cited-09c-close                          -> cited-09c-close
gate	UNKNOWN STEP	2026-09-13T19:42:48.7218429Z  * [new tag]         cited-09c-pr1                            -> cited-09c-pr1
gate	UNKNOWN STEP	2026-09-13T19:42:48.7220249Z  * [new tag]         cited-1492358                            -> cited-1492358
gate	UNKNOWN STEP	2026-09-13T19:42:48.7221682Z  * [new tag]         cited-a0a63d1                            -> cited-a0a63d1
gate	UNKNOWN STEP	2026-09-13T19:42:48.7223251Z  * [new tag]         cited-a5a8077                            -> cited-a5a8077
gate	UNKNOWN STEP	2026-09-13T19:42:48.7224841Z  * [new tag]         cited-e6589ae                            -> cited-e6589ae
gate	UNKNOWN STEP	2026-09-13T19:42:48.7226536Z  * [new tag]         cited-f8e3bd3                            -> cited-f8e3bd3
gate	UNKNOWN STEP	2026-09-13T19:42:48.7228145Z  * [new tag]         cited-m08b-pr2-r1                        -> cited-m08b-pr2-r1
gate	UNKNOWN STEP	2026-09-13T19:42:48.7229819Z  * [new tag]         cited-m08b-pr2-r2                        -> cited-m08b-pr2-r2
gate	UNKNOWN STEP	2026-09-13T19:42:48.7231448Z  * [new tag]         cited-m09-pr1                            -> cited-m09-pr1
gate	UNKNOWN STEP	2026-09-13T19:42:48.7233047Z  * [new tag]         cited-m09-pr2-r1                         -> cited-m09-pr2-r1
gate	UNKNOWN STEP	2026-09-13T19:42:48.7234703Z  * [new tag]         cited-m09-pr2-r2                         -> cited-m09-pr2-r2
gate	UNKNOWN STEP	2026-09-13T19:42:48.7236574Z  * [new tag]         cited-m09b-pr2                           -> cited-m09b-pr2
gate	UNKNOWN STEP	2026-09-13T19:42:48.7238445Z  * [new tag]         cited-m10-close                          -> cited-m10-close
gate	UNKNOWN STEP	2026-09-13T19:42:48.7239487Z  * [new tag]         cited-m10-pr1                            -> cited-m10-pr1
gate	UNKNOWN STEP	2026-09-13T19:42:48.7240884Z  * [new tag]         cited-m10-pr2                            -> cited-m10-pr2
gate	UNKNOWN STEP	2026-09-13T19:42:48.7241954Z  * [new tag]         cited-m10-pr3                            -> cited-m10-pr3
gate	UNKNOWN STEP	2026-09-13T19:42:48.7243456Z  * [new tag]         cited-m11-pr1                            -> cited-m11-pr1
gate	UNKNOWN STEP	2026-09-13T19:42:48.7245098Z  * [new tag]         cited-m11-pr2                            -> cited-m11-pr2
gate	UNKNOWN STEP	2026-09-13T19:42:48.7246978Z  * [new tag]         drafts-adr-042                           -> drafts-adr-042
gate	UNKNOWN STEP	2026-09-13T19:42:48.7248607Z  * [new tag]         drafts-spec-05                           -> drafts-spec-05
gate	UNKNOWN STEP	2026-09-13T19:42:48.7250278Z  * [new tag]         evidence-m01                             -> evidence-m01
gate	UNKNOWN STEP	2026-09-13T19:42:48.7251800Z  * [new tag]         m00a                                     -> m00a
gate	UNKNOWN STEP	2026-09-13T19:42:48.7253206Z  * [new tag]         m00b                                     -> m00b
gate	UNKNOWN STEP	2026-09-13T19:42:48.7254148Z  * [new tag]         m01                                      -> m01
gate	UNKNOWN STEP	2026-09-13T19:42:48.7255401Z  * [new tag]         m02                                      -> m02
gate	UNKNOWN STEP	2026-09-13T19:42:48.7256833Z  * [new tag]         m03                                      -> m03
gate	UNKNOWN STEP	2026-09-13T19:42:48.7258227Z  * [new tag]         m04                                      -> m04
gate	UNKNOWN STEP	2026-09-13T19:42:48.7259662Z  * [new tag]         m05                                      -> m05
gate	UNKNOWN STEP	2026-09-13T19:42:48.7261085Z  * [new tag]         m06                                      -> m06
gate	UNKNOWN STEP	2026-09-13T19:42:48.7262476Z  * [new tag]         m06b                                     -> m06b
gate	UNKNOWN STEP	2026-09-13T19:42:48.7263917Z  * [new tag]         m06c                                     -> m06c
gate	UNKNOWN STEP	2026-09-13T19:42:48.7265607Z  * [new tag]         m06d                                     -> m06d
gate	UNKNOWN STEP	2026-09-13T19:42:48.7267272Z  * [new tag]         m07                                      -> m07
gate	UNKNOWN STEP	2026-09-13T19:42:48.7268715Z  * [new tag]         m08                                      -> m08
gate	UNKNOWN STEP	2026-09-13T19:42:48.7270121Z  * [new tag]         m08b                                     -> m08b
gate	UNKNOWN STEP	2026-09-13T19:42:48.7271536Z  * [new tag]         m09                                      -> m09
gate	UNKNOWN STEP	2026-09-13T19:42:48.7272910Z  * [new tag]         m09b                                     -> m09b
gate	UNKNOWN STEP	2026-09-13T19:42:48.7274310Z  * [new tag]         m09c                                     -> m09c
gate	UNKNOWN STEP	2026-09-13T19:42:48.7275949Z  * [new tag]         m10                                      -> m10
gate	UNKNOWN STEP	2026-09-13T19:42:48.7277618Z  * [new ref]         b7843925f015361cc616a2a5447c03b635bf1c5a -> pull/159/merge
gate	UNKNOWN STEP	2026-09-13T19:42:48.7281050Z ##[endgroup]
gate	UNKNOWN STEP	2026-09-13T19:42:48.7282379Z ##[group]Determining the checkout info
gate	UNKNOWN STEP	2026-09-13T19:42:48.7283945Z ##[endgroup]
gate	UNKNOWN STEP	2026-09-13T19:42:48.7284870Z [command]/usr/bin/git sparse-checkout disable
gate	UNKNOWN STEP	2026-09-13T19:42:48.7287785Z [command]/usr/bin/git config --local --unset-all extensions.worktreeConfig
gate	UNKNOWN STEP	2026-09-13T19:42:48.7290878Z ##[group]Checking out the ref
gate	UNKNOWN STEP	2026-09-13T19:42:48.7292352Z [command]/usr/bin/git checkout --progress --force refs/remotes/pull/159/merge
gate	UNKNOWN STEP	2026-09-13T19:42:49.2298837Z Note: switching to 'refs/remotes/pull/159/merge'.
gate	UNKNOWN STEP	2026-09-13T19:42:49.2313185Z 
gate	UNKNOWN STEP	2026-09-13T19:42:49.2313904Z You are in 'detached HEAD' state. You can look around, make experimental
gate	UNKNOWN STEP	2026-09-13T19:42:49.2314789Z changes and commit them, and you can discard any commits you make in this
gate	UNKNOWN STEP	2026-09-13T19:42:49.2315616Z state without impacting any branches by switching back to a branch.
gate	UNKNOWN STEP	2026-09-13T19:42:49.2316015Z 
gate	UNKNOWN STEP	2026-09-13T19:42:49.2316304Z If you want to create a new branch to retain commits you create, you may
gate	UNKNOWN STEP	2026-09-13T19:42:49.2317037Z do so (now or later) by using -c with the switch command. Example:
gate	UNKNOWN STEP	2026-09-13T19:42:49.2317476Z 
gate	UNKNOWN STEP	2026-09-13T19:42:49.2317753Z   git switch -c <new-branch-name>
gate	UNKNOWN STEP	2026-09-13T19:42:49.2318648Z 
gate	UNKNOWN STEP	2026-09-13T19:42:49.2318885Z Or undo this operation with:
gate	UNKNOWN STEP	2026-09-13T19:42:49.2319216Z 
gate	UNKNOWN STEP	2026-09-13T19:42:49.2319468Z   git switch -
gate	UNKNOWN STEP	2026-09-13T19:42:49.2319870Z 
gate	UNKNOWN STEP	2026-09-13T19:42:49.2320350Z Turn off this advice by setting config variable advice.detachedHead to false
gate	UNKNOWN STEP	2026-09-13T19:42:49.2320913Z 
gate	UNKNOWN STEP	2026-09-13T19:42:49.2321370Z HEAD is now at b784392 Merge e80ae862714c07eb46eec9b1a7b4107cf6f82a4f into cc35473a7f55d3a46ccf4aba2d95006965f53b36
gate	UNKNOWN STEP	2026-09-13T19:42:49.2323438Z ##[endgroup]
gate	UNKNOWN STEP	2026-09-13T19:42:49.2361355Z [command]/usr/bin/git log -1 --format=%H
gate	UNKNOWN STEP	2026-09-13T19:42:49.2381463Z b7843925f015361cc616a2a5447c03b635bf1c5a
gate	UNKNOWN STEP	2026-09-13T19:42:49.2636368Z Node 20 is being deprecated. This workflow is running with Node 24 by default. If you need to temporarily use Node 20, you can set the ACTIONS_ALLOW_USE_UNSECURE_NODE_VERSION=true environment variable. For more information see: https://github.blog/changelog/2025-09-19-deprecation-of-node-20-on-github-actions-runners/
gate	UNKNOWN STEP	2026-09-13T19:42:49.2638891Z ##[group]Run actions/setup-python@v5
gate	UNKNOWN STEP	2026-09-13T19:42:49.2639393Z with:
gate	UNKNOWN STEP	2026-09-13T19:42:49.2639826Z   python-version: 3.12
gate	UNKNOWN STEP	2026-09-13T19:42:49.2640258Z   check-latest: false
gate	UNKNOWN STEP	2026-09-13T19:42:49.2643285Z   token: ***
gate	UNKNOWN STEP	2026-09-13T19:42:49.2643699Z   update-environment: true
gate	UNKNOWN STEP	2026-09-13T19:42:49.2644155Z   allow-prereleases: false
gate	UNKNOWN STEP	2026-09-13T19:42:49.2644654Z   freethreaded: false
gate	UNKNOWN STEP	2026-09-13T19:42:49.2645074Z ##[endgroup]
gate	UNKNOWN STEP	2026-09-13T19:42:49.3941925Z ##[group]Installed versions
gate	UNKNOWN STEP	2026-09-13T19:42:49.4036234Z (node:2168) [DEP0040] DeprecationWarning: The `punycode` module is deprecated. Please use a userland alternative instead.
gate	UNKNOWN STEP	2026-09-13T19:42:49.4037939Z (Use `node --trace-deprecation ...` to show where the warning was created)
gate	UNKNOWN STEP	2026-09-13T19:42:49.4038666Z Successfully set up CPython (3.12.14)
gate	UNKNOWN STEP	2026-09-13T19:42:49.4039625Z ##[endgroup]
gate	UNKNOWN STEP	2026-09-13T19:42:49.4214682Z ##[group]Run pip install -e ".[dev]"
gate	UNKNOWN STEP	2026-09-13T19:42:49.4215685Z ^[[36;1mpip install -e ".[dev]"^[[0m
gate	UNKNOWN STEP	2026-09-13T19:42:49.4258138Z shell: /usr/bin/bash -e {0}
gate	UNKNOWN STEP	2026-09-13T19:42:49.4258655Z env:
gate	UNKNOWN STEP	2026-09-13T19:42:49.4259123Z   pythonLocation: /opt/hostedtoolcache/Python/3.12.14/x64
gate	UNKNOWN STEP	2026-09-13T19:42:49.4259869Z   PKG_CONFIG_PATH: /opt/hostedtoolcache/Python/3.12.14/x64/lib/pkgconfig
gate	UNKNOWN STEP	2026-09-13T19:42:49.4260550Z   Python_ROOT_DIR: /opt/hostedtoolcache/Python/3.12.14/x64
gate	UNKNOWN STEP	2026-09-13T19:42:49.4261162Z   Python2_ROOT_DIR: /opt/hostedtoolcache/Python/3.12.14/x64
gate	UNKNOWN STEP	2026-09-13T19:42:49.4261820Z   Python3_ROOT_DIR: /opt/hostedtoolcache/Python/3.12.14/x64
gate	UNKNOWN STEP	2026-09-13T19:42:49.4262493Z   LD_LIBRARY_PATH: /opt/hostedtoolcache/Python/3.12.14/x64/lib
gate	UNKNOWN STEP	2026-09-13T19:42:49.4263066Z ##[endgroup]
gate	UNKNOWN STEP	2026-09-13T19:42:50.4367394Z Obtaining file:///home/runner/work/beaconpave/beaconpave
gate	UNKNOWN STEP	2026-09-13T19:42:50.4377376Z   Installing build dependencies: started
gate	UNKNOWN STEP	2026-09-13T19:42:51.1604869Z   Installing build dependencies: finished with status 'done'
gate	UNKNOWN STEP	2026-09-13T19:42:51.1610141Z   Checking if build backend supports build_editable: started
gate	UNKNOWN STEP	2026-09-13T19:42:51.4594037Z   Checking if build backend supports build_editable: finished with status 'done'
gate	UNKNOWN STEP	2026-09-13T19:42:51.4602778Z   Getting requirements to build editable: started
gate	UNKNOWN STEP	2026-09-13T19:42:51.7666885Z   Getting requirements to build editable: finished with status 'done'
gate	UNKNOWN STEP	2026-09-13T19:42:51.7674096Z   Preparing editable metadata (pyproject.toml): started
gate	UNKNOWN STEP	2026-09-13T19:42:51.9474279Z   Preparing editable metadata (pyproject.toml): finished with status 'done'
gate	UNKNOWN STEP	2026-09-13T19:42:52.0456685Z Collecting pyyaml (from beaconpave==0.1.0)
gate	UNKNOWN STEP	2026-09-13T19:42:52.0920969Z   Downloading pyyaml-6.0.3-cp312-cp312-manylinux2014_x86_64.manylinux_2_17_x86_64.manylinux_2_28_x86_64.whl.metadata (2.4 kB)
gate	UNKNOWN STEP	2026-09-13T19:42:52.1122793Z Collecting jsonschema (from beaconpave==0.1.0)
gate	UNKNOWN STEP	2026-09-13T19:42:52.1156638Z   Downloading jsonschema-4.26.0-py3-none-any.whl.metadata (7.6 kB)
gate	UNKNOWN STEP	2026-09-13T19:42:52.1574382Z Collecting pytest (from beaconpave==0.1.0)
gate	UNKNOWN STEP	2026-09-13T19:42:52.1609657Z   Downloading pytest-9.1.1-py3-none-any.whl.metadata (7.6 kB)
gate	UNKNOWN STEP	2026-09-13T19:42:52.4450988Z Collecting ruff (from beaconpave==0.1.0)
gate	UNKNOWN STEP	2026-09-13T19:42:52.4489110Z   Downloading ruff-0.16.7-py3-none-manylinux_2_17_x86_64.manylinux2014_x86_64.whl.metadata (20 kB)
gate	UNKNOWN STEP	2026-09-13T19:42:52.4653329Z Collecting attrs>=22.2.0 (from jsonschema->beaconpave==0.1.0)
gate	UNKNOWN STEP	2026-09-13T19:42:52.4692894Z   Downloading attrs-26.1.0-py3-none-any.whl.metadata (8.8 kB)
gate	UNKNOWN STEP	2026-09-13T19:42:52.5032330Z Collecting jsonschema-specifications>=2023.03.6 (from jsonschema->beaconpave==0.1.0)
gate	UNKNOWN STEP	2026-09-13T19:42:52.5070347Z   Downloading jsonschema_specifications-2025.9.1-py3-none-any.whl.metadata (2.9 kB)
gate	UNKNOWN STEP	2026-09-13T19:42:52.5244557Z Collecting referencing>=0.28.4 (from jsonschema->beaconpave==0.1.0)
gate	UNKNOWN STEP	2026-09-13T19:42:52.5279335Z   Downloading referencing-0.37.0-py3-none-any.whl.metadata (2.8 kB)
gate	UNKNOWN STEP	2026-09-13T19:42:52.7480095Z Collecting rpds-py>=0.25.0 (from jsonschema->beaconpave==0.1.0)
gate	UNKNOWN STEP	2026-09-13T19:42:52.7518698Z   Downloading rpds_py-2026.6.3-cp312-cp312-manylinux_2_17_x86_64.manylinux2014_x86_64.whl.metadata (4.1 kB)
gate	UNKNOWN STEP	2026-09-13T19:42:53.0843941Z Collecting typing-extensions>=4.4.0 (from referencing>=0.28.4->jsonschema->beaconpave==0.1.0)
gate	UNKNOWN STEP	2026-09-13T19:42:53.0883670Z   Downloading typing_extensions-4.16.0-py3-none-any.whl.metadata (3.3 kB)
gate	UNKNOWN STEP	2026-09-13T19:42:53.4910499Z Collecting iniconfig>=1.0.1 (from pytest->beaconpave==0.1.0)
gate	UNKNOWN STEP	2026-09-13T19:42:53.4947258Z   Downloading iniconfig-2.3.0-py3-none-any.whl.metadata (2.5 kB)
gate	UNKNOWN STEP	2026-09-13T19:42:53.5097408Z Collecting packaging>=22 (from pytest->beaconpave==0.1.0)
gate	UNKNOWN STEP	2026-09-13T19:42:53.5130445Z   Downloading packaging-26.3-py3-none-any.whl.metadata (3.5 kB)
gate	UNKNOWN STEP	2026-09-13T19:42:53.5277960Z Collecting pluggy<2,>=1.5 (from pytest->beaconpave==0.1.0)
gate	UNKNOWN STEP	2026-09-13T19:42:53.5313834Z   Downloading pluggy-1.6.0-py3-none-any.whl.metadata (4.8 kB)
gate	UNKNOWN STEP	2026-09-13T19:42:53.5484333Z Collecting pygments>=2.7.2 (from pytest->beaconpave==0.1.0)
gate	UNKNOWN STEP	2026-09-13T19:42:53.5517439Z   Downloading pygments-2.21.0-py3-none-any.whl.metadata (2.5 kB)
gate	UNKNOWN STEP	2026-09-13T19:42:53.5667067Z Downloading jsonschema-4.26.0-py3-none-any.whl (90 kB)
gate	UNKNOWN STEP	2026-09-13T19:42:53.5746437Z Downloading attrs-26.1.0-py3-none-any.whl (67 kB)
gate	UNKNOWN STEP	2026-09-13T19:42:53.5819748Z Downloading jsonschema_specifications-2025.9.1-py3-none-any.whl (18 kB)
gate	UNKNOWN STEP	2026-09-13T19:42:53.5873296Z Downloading referencing-0.37.0-py3-none-any.whl (26 kB)
gate	UNKNOWN STEP	2026-09-13T19:42:53.5937693Z Downloading rpds_py-2026.6.3-cp312-cp312-manylinux_2_17_x86_64.manylinux2014_x86_64.whl (366 kB)
gate	UNKNOWN STEP	2026-09-13T19:42:53.6274974Z Downloading typing_extensions-4.16.0-py3-none-any.whl (45 kB)
gate	UNKNOWN STEP	2026-09-13T19:42:53.6332634Z Downloading pytest-9.1.1-py3-none-any.whl (386 kB)
gate	UNKNOWN STEP	2026-09-13T19:42:53.6469996Z Downloading pluggy-1.6.0-py3-none-any.whl (20 kB)
gate	UNKNOWN STEP	2026-09-13T19:42:53.6531798Z Downloading iniconfig-2.3.0-py3-none-any.whl (7.5 kB)
gate	UNKNOWN STEP	2026-09-13T19:42:53.6744252Z Downloading packaging-26.3-py3-none-any.whl (129 kB)
gate	UNKNOWN STEP	2026-09-13T19:42:53.6821988Z Downloading pygments-2.21.0-py3-none-any.whl (1.3 MB)
gate	UNKNOWN STEP	2026-09-13T19:42:53.7048317Z    ━━━━━━━━━━━━━━━━━━━━━━━━━━━━━━━━━━━━━━━━ 1.3/1.3 MB 61.5 MB/s  0:00:00
gate	UNKNOWN STEP	2026-09-13T19:42:53.7088792Z Downloading pyyaml-6.0.3-cp312-cp312-manylinux2014_x86_64.manylinux_2_17_x86_64.manylinux_2_28_x86_64.whl (807 kB)
gate	UNKNOWN STEP	2026-09-13T19:42:53.7213009Z    ━━━━━━━━━━━━━━━━━━━━━━━━━━━━━━━━━━━━━━━━ 807.9/807.9 kB 63.7 MB/s  0:00:00
gate	UNKNOWN STEP	2026-09-13T19:42:53.7249509Z Downloading ruff-0.16.7-py3-none-manylinux_2_17_x86_64.manylinux2014_x86_64.whl (10.4 MB)
gate	UNKNOWN STEP	2026-09-13T19:42:53.8325839Z    ━━━━━━━━━━━━━━━━━━━━━━━━━━━━━━━━━━━━━━━━ 10.4/10.4 MB 97.5 MB/s  0:00:00
gate	UNKNOWN STEP	2026-09-13T19:42:53.8708054Z Building wheels for collected packages: beaconpave
gate	UNKNOWN STEP	2026-09-13T19:42:53.8714267Z   Building editable for beaconpave (pyproject.toml): started
gate	UNKNOWN STEP	2026-09-13T19:42:54.0820071Z   Building editable for beaconpave (pyproject.toml): finished with status 'done'
gate	UNKNOWN STEP	2026-09-13T19:42:54.0824322Z   Created wheel for beaconpave: filename=beaconpave-0.1.0-0.editable-py3-none-any.whl size=4039 sha256=3b91e0d73709ea82bb3681f7851d7692710ded5b122036f8f43b770cc655c1c7
gate	UNKNOWN STEP	2026-09-13T19:42:54.0825858Z   Stored in directory: /tmp/pip-ephem-wheel-cache-0on6b0sd/wheels/d9/6e/2a/ad10e4d54ba33ac836463a26689e83741b62c5ec91fc3a106d
gate	UNKNOWN STEP	2026-09-13T19:42:54.0840832Z Successfully built beaconpave
gate	UNKNOWN STEP	2026-09-13T19:42:54.1124829Z Installing collected packages: typing-extensions, ruff, rpds-py, pyyaml, pygments, pluggy, packaging, iniconfig, attrs, referencing, pytest, jsonschema-specifications, jsonschema, beaconpave
gate	UNKNOWN STEP	2026-09-13T19:42:55.4461299Z 
gate	UNKNOWN STEP	2026-09-13T19:42:55.4478660Z Successfully installed attrs-26.1.0 beaconpave-0.1.0 iniconfig-2.3.0 jsonschema-4.26.0 jsonschema-specifications-2025.9.1 packaging-26.3 pluggy-1.6.0 pygments-2.21.0 pytest-9.1.1 pyyaml-6.0.3 referencing-0.37.0 rpds-py-2026.6.3 ruff-0.16.7 typing-extensions-4.16.0
gate	UNKNOWN STEP	2026-09-13T19:42:55.5371767Z ##[group]Run python -m pave.cli check --out verdict-contract.json
gate	UNKNOWN STEP	2026-09-13T19:42:55.5372418Z ^[[36;1mpython -m pave.cli check --out verdict-contract.json^[[0m
gate	UNKNOWN STEP	2026-09-13T19:42:55.5399220Z shell: /usr/bin/bash -e {0}
gate	UNKNOWN STEP	2026-09-13T19:42:55.5399650Z env:
gate	UNKNOWN STEP	2026-09-13T19:42:55.5400027Z   pythonLocation: /opt/hostedtoolcache/Python/3.12.14/x64
gate	UNKNOWN STEP	2026-09-13T19:42:55.5400558Z   PKG_CONFIG_PATH: /opt/hostedtoolcache/Python/3.12.14/x64/lib/pkgconfig
gate	UNKNOWN STEP	2026-09-13T19:42:55.5401116Z   Python_ROOT_DIR: /opt/hostedtoolcache/Python/3.12.14/x64
gate	UNKNOWN STEP	2026-09-13T19:42:55.5401613Z   Python2_ROOT_DIR: /opt/hostedtoolcache/Python/3.12.14/x64
gate	UNKNOWN STEP	2026-09-13T19:42:55.5402129Z   Python3_ROOT_DIR: /opt/hostedtoolcache/Python/3.12.14/x64
gate	UNKNOWN STEP	2026-09-13T19:42:55.5402616Z   LD_LIBRARY_PATH: /opt/hostedtoolcache/Python/3.12.14/x64/lib
gate	UNKNOWN STEP	2026-09-13T19:42:55.5403072Z   PAVE_BASE: cc35473a7f55d3a46ccf4aba2d95006965f53b36
gate	UNKNOWN STEP	2026-09-13T19:42:55.5403505Z ##[endgroup]
gate	UNKNOWN STEP	2026-09-13T19:42:55.8009604Z All checks passed!
gate	UNKNOWN STEP	2026-09-13T19:44:02.9506788Z ==> tool-plane drift (G3): the committed Cedar and contracts vs the registry
gate	UNKNOWN STEP	2026-09-13T19:44:02.9507716Z tool plane current: 4 policies and 3 contract(s) from 3 registered tool(s)
gate	UNKNOWN STEP	2026-09-13T19:44:02.9508224Z ==> rules registry validation (G7)
gate	UNKNOWN STEP	2026-09-13T19:44:02.9508752Z rules registry valid: 1 rule(s), all with owner + control + review-by, no orphaned control refs
gate	UNKNOWN STEP	2026-09-13T19:44:02.9509244Z ==> style (ruff)
gate	UNKNOWN STEP	2026-09-13T19:44:02.9509547Z ==> L0 unit + L1 contract (hermetic)
gate	UNKNOWN STEP	2026-09-13T19:44:02.9509946Z ........................................................................ [  1%]
gate	UNKNOWN STEP	2026-09-13T19:44:02.9510425Z ........................................................................ [  2%]
gate	UNKNOWN STEP	2026-09-13T19:44:02.9510912Z ........................................................................ [  4%]
gate	UNKNOWN STEP	2026-09-13T19:44:02.9511334Z ........................................................................ [  5%]
gate	UNKNOWN STEP	2026-09-13T19:44:02.9511765Z ........................................................................ [  7%]
gate	UNKNOWN STEP	2026-09-13T19:44:02.9512195Z .....................................................s.................. [  8%]
gate	UNKNOWN STEP	2026-09-13T19:44:02.9512671Z ........................................................................ [  9%]
gate	UNKNOWN STEP	2026-09-13T19:44:02.9513138Z ........................................................................ [ 11%]
gate	UNKNOWN STEP	2026-09-13T19:44:02.9513548Z ........................................................................ [ 12%]
gate	UNKNOWN STEP	2026-09-13T19:44:02.9513970Z ........................................................................ [ 14%]
gate	UNKNOWN STEP	2026-09-13T19:44:02.9514400Z .................................................F...................... [ 15%]
gate	UNKNOWN STEP	2026-09-13T19:44:02.9514841Z ......................................F................................. [ 16%]
gate	UNKNOWN STEP	2026-09-13T19:44:02.9515462Z ........................................................................ [ 18%]
gate	UNKNOWN STEP	2026-09-13T19:44:02.9515942Z ........................................................................ [ 19%]
gate	UNKNOWN STEP	2026-09-13T19:44:02.9516402Z ........................................................................ [ 21%]
gate	UNKNOWN STEP	2026-09-13T19:44:02.9516833Z ........................................................................ [ 22%]
gate	UNKNOWN STEP	2026-09-13T19:44:02.9517272Z ........................................................................ [ 23%]
gate	UNKNOWN STEP	2026-09-13T19:44:02.9517705Z ........................................................................ [ 25%]
gate	UNKNOWN STEP	2026-09-13T19:44:02.9518449Z ........................................................................ [ 26%]
gate	UNKNOWN STEP	2026-09-13T19:44:02.9518853Z ........................................................................ [ 28%]
gate	UNKNOWN STEP	2026-09-13T19:44:02.9519299Z ........................................................................ [ 29%]
gate	UNKNOWN STEP	2026-09-13T19:44:02.9519740Z ........................................................................ [ 30%]
gate	UNKNOWN STEP	2026-09-13T19:44:02.9520204Z ........................................................................ [ 32%]
gate	UNKNOWN STEP	2026-09-13T19:44:02.9520786Z ........................................................................ [ 33%]
gate	UNKNOWN STEP	2026-09-13T19:44:02.9521187Z ........................................................................ [ 35%]
gate	UNKNOWN STEP	2026-09-13T19:44:02.9521655Z ........................................................................ [ 36%]
gate	UNKNOWN STEP	2026-09-13T19:44:02.9522065Z ........................................................................ [ 37%]
gate	UNKNOWN STEP	2026-09-13T19:44:02.9522505Z ........................................................................ [ 39%]
gate	UNKNOWN STEP	2026-09-13T19:44:02.9523035Z ........................................................................ [ 40%]
gate	UNKNOWN STEP	2026-09-13T19:44:02.9523449Z ........................................................................ [ 42%]
gate	UNKNOWN STEP	2026-09-13T19:44:02.9523915Z ........................................................................ [ 43%]
gate	UNKNOWN STEP	2026-09-13T19:44:02.9524330Z ........................................................................ [ 44%]
gate	UNKNOWN STEP	2026-09-13T19:44:02.9524768Z ........................................................................ [ 46%]
gate	UNKNOWN STEP	2026-09-13T19:44:02.9525196Z ........................................................................ [ 47%]
gate	UNKNOWN STEP	2026-09-13T19:44:02.9525843Z ........................................................................ [ 49%]
gate	UNKNOWN STEP	2026-09-13T19:44:02.9526348Z ........................................................................ [ 50%]
gate	UNKNOWN STEP	2026-09-13T19:44:02.9526803Z ........................................................................ [ 51%]
gate	UNKNOWN STEP	2026-09-13T19:44:02.9527253Z ........................................................................ [ 53%]
gate	UNKNOWN STEP	2026-09-13T19:44:02.9527721Z ........................................................................ [ 54%]
gate	UNKNOWN STEP	2026-09-13T19:44:02.9528180Z ........................................................................ [ 56%]
gate	UNKNOWN STEP	2026-09-13T19:44:02.9528630Z ........................................................................ [ 57%]
gate	UNKNOWN STEP	2026-09-13T19:44:02.9529052Z ..................................................................ssss.. [ 58%]
gate	UNKNOWN STEP	2026-09-13T19:44:02.9529520Z ........................................................................ [ 60%]
gate	UNKNOWN STEP	2026-09-13T19:44:02.9529942Z ........................................................................ [ 61%]
gate	UNKNOWN STEP	2026-09-13T19:44:02.9530359Z ........................................................................ [ 63%]
gate	UNKNOWN STEP	2026-09-13T19:44:02.9530807Z ........................................................................ [ 64%]
gate	UNKNOWN STEP	2026-09-13T19:44:02.9531226Z ........................................................................ [ 65%]
gate	UNKNOWN STEP	2026-09-13T19:44:02.9531626Z ........................................................................ [ 67%]
gate	UNKNOWN STEP	2026-09-13T19:44:02.9532069Z ........................................................................ [ 68%]
gate	UNKNOWN STEP	2026-09-13T19:44:02.9532478Z ........................................................................ [ 70%]
gate	UNKNOWN STEP	2026-09-13T19:44:02.9532955Z ........................................................................ [ 71%]
gate	UNKNOWN STEP	2026-09-13T19:44:02.9533368Z ........................................................................ [ 72%]
gate	UNKNOWN STEP	2026-09-13T19:44:02.9533781Z ..........................ssss.......................................... [ 74%]
gate	UNKNOWN STEP	2026-09-13T19:44:02.9534233Z ........................................................................ [ 75%]
gate	UNKNOWN STEP	2026-09-13T19:44:02.9534646Z ........................................................................ [ 77%]
gate	UNKNOWN STEP	2026-09-13T19:44:02.9535074Z ........................................................................ [ 78%]
gate	UNKNOWN STEP	2026-09-13T19:44:02.9535721Z ........................................................................ [ 79%]
gate	UNKNOWN STEP	2026-09-13T19:44:02.9536120Z ........................................................................ [ 81%]
gate	UNKNOWN STEP	2026-09-13T19:44:02.9536566Z ........................................................................ [ 82%]
gate	UNKNOWN STEP	2026-09-13T19:44:02.9537004Z ........................................................................ [ 84%]
gate	UNKNOWN STEP	2026-09-13T19:44:02.9537423Z ........................................................................ [ 85%]
gate	UNKNOWN STEP	2026-09-13T19:44:02.9537951Z ........................................................................ [ 86%]
gate	UNKNOWN STEP	2026-09-13T19:44:02.9538377Z ........................................................................ [ 88%]
gate	UNKNOWN STEP	2026-09-13T19:44:02.9538845Z ........................................................................ [ 89%]
gate	UNKNOWN STEP	2026-09-13T19:44:02.9539297Z ........................................................................ [ 91%]
gate	UNKNOWN STEP	2026-09-13T19:44:02.9539730Z ........................................................................ [ 92%]
gate	UNKNOWN STEP	2026-09-13T19:44:02.9540151Z ........................................................................ [ 93%]
gate	UNKNOWN STEP	2026-09-13T19:44:02.9540570Z ........................................................................ [ 95%]
gate	UNKNOWN STEP	2026-09-13T19:44:02.9541611Z ........................................................................ [ 96%]
gate	UNKNOWN STEP	2026-09-13T19:44:02.9542050Z ........................................................................ [ 98%]
gate	UNKNOWN STEP	2026-09-13T19:44:02.9542514Z ........................................................................ [ 99%]
gate	UNKNOWN STEP	2026-09-13T19:44:02.9542949Z ..............................                                           [100%]
gate	UNKNOWN STEP	2026-09-13T19:44:02.9543371Z =================================== FAILURES ===================================
gate	UNKNOWN STEP	2026-09-13T19:44:02.9543889Z _________________ test_a_timestamp_with_no_hour_field_is_read __________________
gate	UNKNOWN STEP	2026-09-13T19:44:02.9544248Z 
gate	UNKNOWN STEP	2026-09-13T19:44:02.9544511Z tmp_path = PosixPath('/tmp/pytest-of-runner/pytest-0/test_a_timestamp_with_no_hour_0')
gate	UNKNOWN STEP	2026-09-13T19:44:02.9544893Z 
gate	UNKNOWN STEP	2026-09-13T19:44:02.9545062Z     def test_a_timestamp_with_no_hour_field_is_read(tmp_path):
gate	UNKNOWN STEP	2026-09-13T19:44:02.9545670Z         root = _repo(tmp_path)
gate	UNKNOWN STEP	2026-09-13T19:44:02.9546112Z         _captions(root, "WEBVTT\n\ns01\n00:00.000 --> 00:03.000\na\n\n"
gate	UNKNOWN STEP	2026-09-13T19:44:02.9546594Z                         "s02\n00:00:06.000 --> 01:00:00.000\nb\n")
gate	UNKNOWN STEP	2026-09-13T19:44:02.9546957Z         _commit(root)
gate	UNKNOWN STEP	2026-09-13T19:44:02.9547298Z >       _, artifact = _write(root, tmp_path, "short.json")
gate	UNKNOWN STEP	2026-09-13T19:44:02.9547735Z                       ^^^^^^^^^^^^^^^^^^^^^^^^^^^^^^^^^^^^
gate	UNKNOWN STEP	2026-09-13T19:44:02.9547973Z 
gate	UNKNOWN STEP	2026-09-13T19:44:02.9548097Z tests/test_drill.py:165: 
gate	UNKNOWN STEP	2026-09-13T19:44:02.9548463Z _ _ _ _ _ _ _ _ _ _ _ _ _ _ _ _ _ _ _ _ _ _ _ _ _ _ _ _ _ _ _ _ _ _ _ _ _ _ _ _ 
gate	UNKNOWN STEP	2026-09-13T19:44:02.9548900Z tests/test_drill.py:111: in _write
gate	UNKNOWN STEP	2026-09-13T19:44:02.9549349Z     return out, drill.run(event, tier, out, delta, root=root, env=env, now=NOW)
gate	UNKNOWN STEP	2026-09-13T19:44:02.9549861Z                 ^^^^^^^^^^^^^^^^^^^^^^^^^^^^^^^^^^^^^^^^^^^^^^^^^^^^^^^^^^^^^^^
gate	UNKNOWN STEP	2026-09-13T19:44:02.9550254Z pave/drill.py:333: in run
gate	UNKNOWN STEP	2026-09-13T19:44:02.9550686Z     findings = max_gap_findings(parse_cues(captions), scenario.threshold_ms,
gate	UNKNOWN STEP	2026-09-13T19:44:02.9551195Z                                 ^^^^^^^^^^^^^^^^^^^^
gate	UNKNOWN STEP	2026-09-13T19:44:02.9551598Z _ _ _ _ _ _ _ _ _ _ _ _ _ _ _ _ _ _ _ _ _ _ _ _ _ _ _ _ _ _ _ _ _ _ _ _ _ _ _ _ 
gate	UNKNOWN STEP	2026-09-13T19:44:02.9551891Z 
gate	UNKNOWN STEP	2026-09-13T19:44:02.9552149Z text = 'WEBVTT\n\ns01\n00:00.000 --> 00:03.000\na\n\ns02\n00:00:06.000 --> 01:00:00.000\nb\n'
gate	UNKNOWN STEP	2026-09-13T19:44:02.9552506Z 
gate	UNKNOWN STEP	2026-09-13T19:44:02.9552755Z     def parse_cues(text: str) -> list[tuple[str, int, int]]:
gate	UNKNOWN STEP	2026-09-13T19:44:02.9553292Z         """`(cue id, start ms, end ms)` in file order. A cue with no id is refused: a finding
gate	UNKNOWN STEP	2026-09-13T19:44:02.9553875Z         names the cues either side of a gap, and an unnamed cue cannot be named."""
gate	UNKNOWN STEP	2026-09-13T19:44:02.9554471Z         lines = text.splitlines()
gate	UNKNOWN STEP	2026-09-13T19:44:02.9554876Z         if not lines or not lines[0].startswith("WEBVTT"):
gate	UNKNOWN STEP	2026-09-13T19:44:02.9555587Z             raise Refused("the caption file is not WebVTT: its first line is not `WEBVTT`")
gate	UNKNOWN STEP	2026-09-13T19:44:02.9556163Z         body = lines[1:]
gate	UNKNOWN STEP	2026-09-13T19:44:02.9556560Z         # The header runs to the first blank line.
gate	UNKNOWN STEP	2026-09-13T19:44:02.9556925Z         while body and body[0].strip():
gate	UNKNOWN STEP	2026-09-13T19:44:02.9557282Z             body = body[1:]
gate	UNKNOWN STEP	2026-09-13T19:44:02.9557598Z         blocks, current = [], []
gate	UNKNOWN STEP	2026-09-13T19:44:02.9557997Z         for line in body:
gate	UNKNOWN STEP	2026-09-13T19:44:02.9558331Z             if line.strip():
gate	UNKNOWN STEP	2026-09-13T19:44:02.9558662Z                 current.append(line.rstrip())
gate	UNKNOWN STEP	2026-09-13T19:44:02.9559002Z             elif current:
gate	UNKNOWN STEP	2026-09-13T19:44:02.9559329Z                 blocks.append(current)
gate	UNKNOWN STEP	2026-09-13T19:44:02.9559706Z                 current = []
gate	UNKNOWN STEP	2026-09-13T19:44:02.9560031Z         if current:
gate	UNKNOWN STEP	2026-09-13T19:44:02.9560329Z             blocks.append(current)
gate	UNKNOWN STEP	2026-09-13T19:44:03.1758096Z error: check failed:
gate	UNKNOWN STEP	2026-09-13T19:44:03.1758808Z   pytest failed (exit 1)
gate	UNKNOWN STEP	2026-09-13T19:44:03.1759224Z     
gate	UNKNOWN STEP	2026-09-13T19:44:03.1761938Z         cues, seen = [], set()
gate	UNKNOWN STEP	2026-09-13T19:44:03.1762441Z         for block in blocks:
gate	UNKNOWN STEP	2026-09-13T19:44:03.1763061Z             if block[0].startswith(("NOTE", "STYLE", "REGION")):
gate	UNKNOWN STEP	2026-09-13T19:44:03.1763599Z                 continue
gate	UNKNOWN STEP	2026-09-13T19:44:03.1764095Z             timing = [i for i, line in enumerate(block) if "-->" in line]
gate	UNKNOWN STEP	2026-09-13T19:44:03.1764503Z             if not timing:
gate	UNKNOWN STEP	2026-09-13T19:44:03.1764953Z                 raise Refused(f"a caption block has no timing line: {block[0]!r}")
gate	UNKNOWN STEP	2026-09-13T19:44:03.1765741Z             if timing[0] != 1:
gate	UNKNOWN STEP	2026-09-13T19:44:03.1766227Z                 raise Refused(f"a cue has no id, so no finding could name it: {block[timing[0]]!r}")
gate	UNKNOWN STEP	2026-09-13T19:44:03.1766810Z             cue_id = block[0].strip()
gate	UNKNOWN STEP	2026-09-13T19:44:03.1767273Z             match = _TIMING.match(block[1].strip())
gate	UNKNOWN STEP	2026-09-13T19:44:03.1767684Z             if not match:
gate	UNKNOWN STEP	2026-09-13T19:44:03.1768076Z >               raise Refused(f"cue {cue_id}: unreadable timing line {block[1]!r}")
gate	UNKNOWN STEP	2026-09-13T19:44:03.1768619Z E               pave.drill.Refused: cue s01: unreadable timing line '00:00.000 --> 00:03.000'
gate	UNKNOWN STEP	2026-09-13T19:44:03.1768959Z 
gate	UNKNOWN STEP	2026-09-13T19:44:03.1769157Z pave/drill.py:188: Refused
gate	UNKNOWN STEP	2026-09-13T19:44:03.1769586Z _____ test_the_readers_were_shown_emitting_before_the_claim_was_committed ______
gate	UNKNOWN STEP	2026-09-13T19:44:03.1769913Z 
gate	UNKNOWN STEP	2026-09-13T19:44:03.1770164Z     def test_the_readers_were_shown_emitting_before_the_claim_was_committed():
gate	UNKNOWN STEP	2026-09-13T19:44:03.1770650Z         text = READINGS.read_text(encoding="utf-8")
gate	UNKNOWN STEP	2026-09-13T19:44:03.1771086Z         assert f"$ {READ} " in text and f"$ {VERIFY} " in text
gate	UNKNOWN STEP	2026-09-13T19:44:03.1771620Z         assert "signature: OK" in text and "signature: MISMATCH" in text
gate	UNKNOWN STEP	2026-09-13T19:44:03.1772143Z         assert text.index("signature: OK") < text.index("signature: MISMATCH"), (
gate	UNKNOWN STEP	2026-09-13T19:44:03.1772729Z             "F3's liveness check must come first (SPEC/11): verify exits 0 on the well-formed "
gate	UNKNOWN STEP	2026-09-13T19:44:03.1773257Z             "artifact before any edited copy is read")
gate	UNKNOWN STEP	2026-09-13T19:44:03.1773730Z         for line in ("decision=NO-GO", "decision=GO", "fix_window_s=", "owner.oncall=",
gate	UNKNOWN STEP	2026-09-13T19:44:03.1774287Z                      "prior_sha256=", "finding=", "sha256sum"):
gate	UNKNOWN STEP	2026-09-13T19:44:03.1774766Z             assert line in text, f"readers.txt shows no {line!r} emitted"
gate	UNKNOWN STEP	2026-09-13T19:44:03.1775181Z     
gate	UNKNOWN STEP	2026-09-13T19:44:03.1775786Z         readings = _last_change(READINGS.relative_to(ROOT).as_posix())
gate	UNKNOWN STEP	2026-09-13T19:44:03.1776218Z         for path in READ_CODE:
gate	UNKNOWN STEP	2026-09-13T19:44:03.1776640Z >           assert _descends(_last_change(path), readings), (
gate	UNKNOWN STEP	2026-09-13T19:44:03.1777154Z                 f"{path} changed after readers.txt was taken: the transcript does not show the "
gate	UNKNOWN STEP	2026-09-13T19:44:03.1777636Z                 "readers as committed")
gate	UNKNOWN STEP	2026-09-13T19:44:03.1778553Z E           AssertionError: pave/drill.py changed after readers.txt was taken: the transcript does not show the readers as committed
gate	UNKNOWN STEP	2026-09-13T19:44:03.1779167Z E           assert False
gate	UNKNOWN STEP	2026-09-13T19:44:03.1779834Z E            +  where False = _descends('e80ae862714c07eb46eec9b1a7b4107cf6f82a4f', 'a0818692051fb27df51304377620d2227d97e7d6')
gate	UNKNOWN STEP	2026-09-13T19:44:03.1780736Z E            +    where 'e80ae862714c07eb46eec9b1a7b4107cf6f82a4f' = _last_change('pave/drill.py')
gate	UNKNOWN STEP	2026-09-13T19:44:03.1781214Z 
gate	UNKNOWN STEP	2026-09-13T19:44:03.1781413Z tests/test_drill_pins.py:185: AssertionError
gate	UNKNOWN STEP	2026-09-13T19:44:03.1782018Z =========================== short test summary info ============================
gate	UNKNOWN STEP	2026-09-13T19:44:03.1783178Z FAILED tests/test_drill.py::test_a_timestamp_with_no_hour_field_is_read - pave.drill.Refused: cue s01: unreadable timing line '00:00.000 --> 00:03.000'
gate	UNKNOWN STEP	2026-09-13T19:44:03.1784686Z FAILED tests/test_drill_pins.py::test_the_readers_were_shown_emitting_before_the_claim_was_committed - AssertionError: pave/drill.py changed after readers.txt was taken: the transcript does not show the readers as committed
gate	UNKNOWN STEP	2026-09-13T19:44:03.1786593Z assert False
gate	UNKNOWN STEP	2026-09-13T19:44:03.1787382Z  +  where False = _descends('e80ae862714c07eb46eec9b1a7b4107cf6f82a4f', 'a0818692051fb27df51304377620d2227d97e7d6')
gate	UNKNOWN STEP	2026-09-13T19:44:03.1788455Z  +    where 'e80ae862714c07eb46eec9b1a7b4107cf6f82a4f' = _last_change('pave/drill.py')
gate	UNKNOWN STEP	2026-09-13T19:44:03.1789132Z 2 failed, 5131 passed, 9 skipped in 66.84s (0:01:06)
gate	UNKNOWN STEP	2026-09-13T19:44:03.1789571Z ==> guardrail-refusal band (SPEC/01, reporting only)
gate	UNKNOWN STEP	2026-09-13T19:44:03.1790159Z SPEC/01 guardrail-refusal band: 0-2 expected, >2 is a miscalibrated guardrail (reporting only)
gate	UNKNOWN STEP	2026-09-13T19:44:03.1790701Z   m00b              0 refused  ungoverned 
gate	UNKNOWN STEP	2026-09-13T19:44:03.1791140Z   m01               3 refused  BREACH     {'guardrail': 3}
gate	UNKNOWN STEP	2026-09-13T19:44:03.1791605Z   m02-control-1     5 refused  BREACH     {'guardrail': 5}
gate	UNKNOWN STEP	2026-09-13T19:44:03.1792051Z   m02-control-2     6 refused  BREACH     {'guardrail': 6}
gate	UNKNOWN STEP	2026-09-13T19:44:03.1792499Z   m02-control-3     8 refused  BREACH     {'guardrail': 8}
gate	UNKNOWN STEP	2026-09-13T19:44:03.1792922Z   m02-tools-1       2 refused  within     {'guardrail': 2}
gate	UNKNOWN STEP	2026-09-13T19:44:03.1793356Z   m02-tools-2       3 refused  BREACH     {'guardrail': 3}
gate	UNKNOWN STEP	2026-09-13T19:44:03.1793803Z   m02-tools-3       2 refused  within     {'guardrail': 2}
gate	UNKNOWN STEP	2026-09-13T19:44:03.1794242Z   5 of 7 governed runs breach the band
gate	UNKNOWN STEP	2026-09-13T19:44:03.1794614Z ==> eval dry-run (no model calls)
gate	UNKNOWN STEP	2026-09-13T19:44:03.1794981Z loaded 25 golden cases, catalog has 5 titles
gate	UNKNOWN STEP	2026-09-13T19:44:03.1795991Z dryrun: OK — fixtures resolve, cases load, no model was called
gate	UNKNOWN STEP	2026-09-13T19:44:03.1796464Z wrote verdict: verdict-contract.json
gate	UNKNOWN STEP	2026-09-13T19:44:03.1950566Z ##[error]Process completed with exit code 1.
gate	UNKNOWN STEP	2026-09-13T19:44:03.2033023Z ##[group]Run python -m pave.cli gate history --base "cc35473a7f55d3a46ccf4aba2d95006965f53b36" --out verdict-history.json
gate	UNKNOWN STEP	2026-09-13T19:44:03.2033912Z ^[[36;1mpython -m pave.cli gate history --base "cc35473a7f55d3a46ccf4aba2d95006965f53b36" --out verdict-history.json^[[0m
gate	UNKNOWN STEP	2026-09-13T19:44:03.2058636Z shell: /usr/bin/bash -e {0}
gate	UNKNOWN STEP	2026-09-13T19:44:03.2059005Z env:
gate	UNKNOWN STEP	2026-09-13T19:44:03.2059378Z   pythonLocation: /opt/hostedtoolcache/Python/3.12.14/x64
gate	UNKNOWN STEP	2026-09-13T19:44:03.2059943Z   PKG_CONFIG_PATH: /opt/hostedtoolcache/Python/3.12.14/x64/lib/pkgconfig
gate	UNKNOWN STEP	2026-09-13T19:44:03.2060468Z   Python_ROOT_DIR: /opt/hostedtoolcache/Python/3.12.14/x64
gate	UNKNOWN STEP	2026-09-13T19:44:03.2060926Z   Python2_ROOT_DIR: /opt/hostedtoolcache/Python/3.12.14/x64
gate	UNKNOWN STEP	2026-09-13T19:44:03.2061373Z   Python3_ROOT_DIR: /opt/hostedtoolcache/Python/3.12.14/x64
gate	UNKNOWN STEP	2026-09-13T19:44:03.2061833Z   LD_LIBRARY_PATH: /opt/hostedtoolcache/Python/3.12.14/x64/lib
gate	UNKNOWN STEP	2026-09-13T19:44:03.2062256Z ##[endgroup]
gate	UNKNOWN STEP	2026-09-13T19:44:04.2052038Z [pave history] PASS -- every entry pinned, derivable, anchored; nothing on the base touched.
gate	UNKNOWN STEP	2026-09-13T19:44:04.2309613Z Node 20 is being deprecated. This workflow is running with Node 24 by default. If you need to temporarily use Node 20, you can set the ACTIONS_ALLOW_USE_UNSECURE_NODE_VERSION=true environment variable. For more information see: https://github.blog/changelog/2025-09-19-deprecation-of-node-20-on-github-actions-runners/
gate	UNKNOWN STEP	2026-09-13T19:44:04.2311019Z ##[group]Run actions/setup-node@v4
gate	UNKNOWN STEP	2026-09-13T19:44:04.2311372Z with:
gate	UNKNOWN STEP	2026-09-13T19:44:04.2311655Z   node-version: 20
gate	UNKNOWN STEP	2026-09-13T19:44:04.2311958Z   always-auth: false
gate	UNKNOWN STEP	2026-09-13T19:44:04.2312300Z   check-latest: false
gate	UNKNOWN STEP	2026-09-13T19:44:04.2314938Z   token: ***
gate	UNKNOWN STEP	2026-09-13T19:44:04.2315383Z env:
gate	UNKNOWN STEP	2026-09-13T19:44:04.2315804Z   pythonLocation: /opt/hostedtoolcache/Python/3.12.14/x64
gate	UNKNOWN STEP	2026-09-13T19:44:04.2316313Z   PKG_CONFIG_PATH: /opt/hostedtoolcache/Python/3.12.14/x64/lib/pkgconfig
gate	UNKNOWN STEP	2026-09-13T19:44:04.2316834Z   Python_ROOT_DIR: /opt/hostedtoolcache/Python/3.12.14/x64
gate	UNKNOWN STEP	2026-09-13T19:44:04.2317377Z   Python2_ROOT_DIR: /opt/hostedtoolcache/Python/3.12.14/x64
gate	UNKNOWN STEP	2026-09-13T19:44:04.2317862Z   Python3_ROOT_DIR: /opt/hostedtoolcache/Python/3.12.14/x64
gate	UNKNOWN STEP	2026-09-13T19:44:04.2318376Z   LD_LIBRARY_PATH: /opt/hostedtoolcache/Python/3.12.14/x64/lib
gate	UNKNOWN STEP	2026-09-13T19:44:04.2318781Z ##[endgroup]
gate	UNKNOWN STEP	2026-09-13T19:44:04.3749153Z Attempting to download 20...
gate	UNKNOWN STEP	2026-09-13T19:44:04.3852732Z (node:5822) [DEP0040] DeprecationWarning: The `punycode` module is deprecated. Please use a userland alternative instead.
gate	UNKNOWN STEP	2026-09-13T19:44:04.3853695Z (Use `node --trace-deprecation ...` to show where the warning was created)
gate	UNKNOWN STEP	2026-09-13T19:44:04.9511507Z Acquiring 20.20.2 - x64 from https://github.com/actions/node-versions/releases/download/20.20.2-23521894959/node-20.20.2-linux-x64.tar.gz
gate	UNKNOWN STEP	2026-09-13T19:44:05.2600867Z Extracting ...
gate	UNKNOWN STEP	2026-09-13T19:44:05.2701057Z [command]/usr/bin/tar xz --strip 1 --warning=no-unknown-keyword --overwrite -C /home/runner/work/_temp/7d65c600-d809-41a7-9020-c1863701add0 -f /home/runner/work/_temp/5a9dfa64-3101-4c95-bf41-a5f7fa14df4c
gate	UNKNOWN STEP	2026-09-13T19:44:06.3784638Z Adding to the cache ...
gate	UNKNOWN STEP	2026-09-13T19:44:08.1181078Z ##[group]Environment details
gate	UNKNOWN STEP	2026-09-13T19:44:08.3773737Z node: v20.20.2
gate	UNKNOWN STEP	2026-09-13T19:44:08.3774259Z npm: 10.8.2
gate	UNKNOWN STEP	2026-09-13T19:44:08.3774671Z yarn: 1.22.22
gate	UNKNOWN STEP	2026-09-13T19:44:08.3775599Z ##[endgroup]
gate	UNKNOWN STEP	2026-09-13T19:44:08.3901693Z ##[group]Run cd platform/infra && npm ci && npx cdk synth --quiet && cd ../..
gate	UNKNOWN STEP	2026-09-13T19:44:08.3902334Z ^[[36;1mcd platform/infra && npm ci && npx cdk synth --quiet && cd ../..^[[0m
gate	UNKNOWN STEP	2026-09-13T19:44:08.3902867Z ^[[36;1mpython -m pave.cli infra snapshot --check --out verdict-infra.json^[[0m
gate	UNKNOWN STEP	2026-09-13T19:44:08.3927926Z shell: /usr/bin/bash -e {0}
gate	UNKNOWN STEP	2026-09-13T19:44:08.3928333Z env:
gate	UNKNOWN STEP	2026-09-13T19:44:08.3928691Z   pythonLocation: /opt/hostedtoolcache/Python/3.12.14/x64
gate	UNKNOWN STEP	2026-09-13T19:44:08.3929270Z   PKG_CONFIG_PATH: /opt/hostedtoolcache/Python/3.12.14/x64/lib/pkgconfig
gate	UNKNOWN STEP	2026-09-13T19:44:08.3929769Z   Python_ROOT_DIR: /opt/hostedtoolcache/Python/3.12.14/x64
gate	UNKNOWN STEP	2026-09-13T19:44:08.3930222Z   Python2_ROOT_DIR: /opt/hostedtoolcache/Python/3.12.14/x64
gate	UNKNOWN STEP	2026-09-13T19:44:08.3930682Z   Python3_ROOT_DIR: /opt/hostedtoolcache/Python/3.12.14/x64
gate	UNKNOWN STEP	2026-09-13T19:44:08.3931150Z   LD_LIBRARY_PATH: /opt/hostedtoolcache/Python/3.12.14/x64/lib
gate	UNKNOWN STEP	2026-09-13T19:44:08.3931550Z ##[endgroup]
gate	UNKNOWN STEP	2026-09-13T19:44:13.1240799Z 
gate	UNKNOWN STEP	2026-09-13T19:44:13.1249786Z added 26 packages, and audited 47 packages in 5s
gate	UNKNOWN STEP	2026-09-13T19:44:13.1250426Z 
gate	UNKNOWN STEP	2026-09-13T19:44:13.1251008Z 1 package is looking for funding
gate	UNKNOWN STEP	2026-09-13T19:44:13.1251598Z   run `npm fund` for details
gate	UNKNOWN STEP	2026-09-13T19:44:13.1252001Z 
gate	UNKNOWN STEP	2026-09-13T19:44:13.1252395Z found 0 vulnerabilities
gate	UNKNOWN STEP	2026-09-13T19:44:19.0158335Z Bundling asset BeaconpaveGateway/CatalogSearchFn/Code/Stage...
gate	UNKNOWN STEP	2026-09-13T19:44:19.0232298Z Bundling asset BeaconpaveGateway/EntitlementCheckFn/Code/Stage...
gate	UNKNOWN STEP	2026-09-13T19:44:21.8437390Z Successfully synthesized to /home/runner/work/beaconpave/beaconpave/platform/infra/cdk.out
gate	UNKNOWN STEP	2026-09-13T19:44:21.8438283Z Supply a stack id (BeaconpaveGateway, BeaconpaveAuditTrail) to display its template.
gate	UNKNOWN STEP	2026-09-13T19:44:21.8446845Z 76 feature flags are not configured. Run 'cdk flags --unstable=flags' to learn more.
gate	UNKNOWN STEP	2026-09-13T19:44:22.1732101Z wrote verdict: verdict-infra.json
gate	UNKNOWN STEP	2026-09-13T19:44:22.1732724Z synth snapshot current: 2 template(s)
gate	UNKNOWN STEP	2026-09-13T19:44:22.1940919Z ##[group]Run python -m pave.cli evals run services/highlights-agent --out verdict-evals.json
gate	UNKNOWN STEP	2026-09-13T19:44:22.1941665Z ^[[36;1mpython -m pave.cli evals run services/highlights-agent --out verdict-evals.json^[[0m
gate	UNKNOWN STEP	2026-09-13T19:44:22.1965705Z shell: /usr/bin/bash -e {0}
gate	UNKNOWN STEP	2026-09-13T19:44:22.1966067Z env:
gate	UNKNOWN STEP	2026-09-13T19:44:22.1966424Z   pythonLocation: /opt/hostedtoolcache/Python/3.12.14/x64
gate	UNKNOWN STEP	2026-09-13T19:44:22.1966946Z   PKG_CONFIG_PATH: /opt/hostedtoolcache/Python/3.12.14/x64/lib/pkgconfig
gate	UNKNOWN STEP	2026-09-13T19:44:22.1967465Z   Python_ROOT_DIR: /opt/hostedtoolcache/Python/3.12.14/x64
gate	UNKNOWN STEP	2026-09-13T19:44:22.1967903Z   Python2_ROOT_DIR: /opt/hostedtoolcache/Python/3.12.14/x64
gate	UNKNOWN STEP	2026-09-13T19:44:22.1968406Z   Python3_ROOT_DIR: /opt/hostedtoolcache/Python/3.12.14/x64
gate	UNKNOWN STEP	2026-09-13T19:44:22.1968850Z   LD_LIBRARY_PATH: /opt/hostedtoolcache/Python/3.12.14/x64/lib
gate	UNKNOWN STEP	2026-09-13T19:44:22.1969254Z ##[endgroup]
gate	UNKNOWN STEP	2026-09-13T19:44:22.4866336Z [pave evals] highlights-agent: PASS - control_passed 17, tools_passed 15
gate	UNKNOWN STEP	2026-09-13T19:44:22.5075893Z ##[group]Run python -m pave.cli adversarial run services/highlights-agent --out verdict-adv.json
gate	UNKNOWN STEP	2026-09-13T19:44:22.5076611Z ^[[36;1mpython -m pave.cli adversarial run services/highlights-agent --out verdict-adv.json^[[0m
gate	UNKNOWN STEP	2026-09-13T19:44:22.5100429Z shell: /usr/bin/bash -e {0}
gate	UNKNOWN STEP	2026-09-13T19:44:22.5100833Z env:
gate	UNKNOWN STEP	2026-09-13T19:44:22.5101189Z   pythonLocation: /opt/hostedtoolcache/Python/3.12.14/x64
gate	UNKNOWN STEP	2026-09-13T19:44:22.5101701Z   PKG_CONFIG_PATH: /opt/hostedtoolcache/Python/3.12.14/x64/lib/pkgconfig
gate	UNKNOWN STEP	2026-09-13T19:44:22.5102223Z   Python_ROOT_DIR: /opt/hostedtoolcache/Python/3.12.14/x64
gate	UNKNOWN STEP	2026-09-13T19:44:22.5102679Z   Python2_ROOT_DIR: /opt/hostedtoolcache/Python/3.12.14/x64
gate	UNKNOWN STEP	2026-09-13T19:44:22.5103158Z   Python3_ROOT_DIR: /opt/hostedtoolcache/Python/3.12.14/x64
gate	UNKNOWN STEP	2026-09-13T19:44:22.5103603Z   LD_LIBRARY_PATH: /opt/hostedtoolcache/Python/3.12.14/x64/lib
gate	UNKNOWN STEP	2026-09-13T19:44:22.5104033Z ##[endgroup]
gate	UNKNOWN STEP	2026-09-13T19:44:22.6707854Z [pave adversarial] highlights-agent: PASS - m00b_passed 0, m00b_scored 10, m01_passed 6, m01_scored 10, m04_passed 7, m04_scored 10; 33 of 34 G4 semantics case(s) scored
gate	UNKNOWN STEP	2026-09-13T19:44:22.6919680Z ##[group]Run python -m pave.cli gate comment --verdicts verdict-contract.json verdict-history.json verdict-infra.json verdict-evals.json verdict-adv.json
gate	UNKNOWN STEP	2026-09-13T19:44:22.6920736Z ^[[36;1mpython -m pave.cli gate comment --verdicts verdict-contract.json verdict-history.json verdict-infra.json verdict-evals.json verdict-adv.json^[[0m
gate	UNKNOWN STEP	2026-09-13T19:44:22.6944770Z shell: /usr/bin/bash -e {0}
gate	UNKNOWN STEP	2026-09-13T19:44:22.6945185Z env:
gate	UNKNOWN STEP	2026-09-13T19:44:22.6945894Z   pythonLocation: /opt/hostedtoolcache/Python/3.12.14/x64
gate	UNKNOWN STEP	2026-09-13T19:44:22.6946496Z   PKG_CONFIG_PATH: /opt/hostedtoolcache/Python/3.12.14/x64/lib/pkgconfig
gate	UNKNOWN STEP	2026-09-13T19:44:22.6947132Z   Python_ROOT_DIR: /opt/hostedtoolcache/Python/3.12.14/x64
gate	UNKNOWN STEP	2026-09-13T19:44:22.6947664Z   Python2_ROOT_DIR: /opt/hostedtoolcache/Python/3.12.14/x64
gate	UNKNOWN STEP	2026-09-13T19:44:22.6948210Z   Python3_ROOT_DIR: /opt/hostedtoolcache/Python/3.12.14/x64
gate	UNKNOWN STEP	2026-09-13T19:44:22.6948819Z   LD_LIBRARY_PATH: /opt/hostedtoolcache/Python/3.12.14/x64/lib
gate	UNKNOWN STEP	2026-09-13T19:44:22.6951818Z   GITHUB_TOKEN: ***
gate	UNKNOWN STEP	2026-09-13T19:44:22.6952150Z ##[endgroup]
gate	UNKNOWN STEP	2026-09-13T19:44:23.7938406Z <!-- beaconpave-gate -->
gate	UNKNOWN STEP	2026-09-13T19:44:23.7939594Z ### quality gate: BLOCKED
gate	UNKNOWN STEP	2026-09-13T19:44:23.7940014Z 
gate	UNKNOWN STEP	2026-09-13T19:44:23.7940335Z | | suite | layer | scores | |
gate	UNKNOWN STEP	2026-09-13T19:44:23.7940987Z |---|---|---|---|---|
gate	UNKNOWN STEP	2026-09-13T19:44:23.7942186Z | ❌ FAIL | contract | L1 | — | suite reported FAIL |
gate	UNKNOWN STEP	2026-09-13T19:44:23.7943131Z | ✅ PASS | history | L1 | — |  |
gate	UNKNOWN STEP	2026-09-13T19:44:23.7943974Z | ✅ PASS | infra | L1 | — |  |
gate	UNKNOWN STEP	2026-09-13T19:44:23.7945031Z | ✅ PASS | evals | L2 | `control_passed` 17, `tools_passed` 15 |  |
gate	UNKNOWN STEP	2026-09-13T19:44:23.7947318Z | ✅ PASS | adversarial | L5 | `m00b_passed` 0, `m00b_scored` 10, `m01_passed` 6, `m01_scored` 10, `m04_passed` 7, `m04_scored` 10 |  |
gate	UNKNOWN STEP	2026-09-13T19:44:23.7948389Z 
gate	UNKNOWN STEP	2026-09-13T19:44:23.7949171Z #### what moved
gate	UNKNOWN STEP	2026-09-13T19:44:23.7949448Z 
gate	UNKNOWN STEP	2026-09-13T19:44:23.7949737Z **contract**
gate	UNKNOWN STEP	2026-09-13T19:44:23.7950144Z - pytest failed (exit 1)
gate	UNKNOWN STEP	2026-09-13T19:44:23.7950455Z 
gate	UNKNOWN STEP	2026-09-13T19:44:23.7950626Z #### what to do
gate	UNKNOWN STEP	2026-09-13T19:44:23.7954718Z - **contract** — reproduce locally with `python -m pave.cli check` (or `make check`) — hermetic, no cloud account, no network, about 30 seconds. The failing step's full output is in this run's workflow log; these notes carry the verdict, not the transcript. Re-run a single failure with `python -m pytest <file>::<test> -q`. A test named for a defect that no longer exercises it is worse than a missing one, so fix the code before the assertion. A contract failure is the code under test rather than the harness, so it pages the service team — do NOT reach for a comparator or a baseline.
gate	UNKNOWN STEP	2026-09-13T19:44:23.7957401Z 
gate	UNKNOWN STEP	2026-09-13T19:44:23.7958541Z **Blocked (a suite reported a regression); exit 1; owner: service team.** This check is required and cannot be merged past — a gate that can be merged past is not a gate.
gate	UNKNOWN STEP	2026-09-13T19:44:23.7959688Z [pave gate] updated comment 5655623400 on PR #159
gate	UNKNOWN STEP	2026-09-13T19:44:23.8197161Z ##[group]Run python -m pave.cli gate decide --verdicts verdict-contract.json verdict-history.json verdict-infra.json verdict-evals.json verdict-adv.json
gate	UNKNOWN STEP	2026-09-13T19:44:23.8198251Z ^[[36;1mpython -m pave.cli gate decide --verdicts verdict-contract.json verdict-history.json verdict-infra.json verdict-evals.json verdict-adv.json^[[0m
gate	UNKNOWN STEP	2026-09-13T19:44:23.8221952Z shell: /usr/bin/bash -e {0}
gate	UNKNOWN STEP	2026-09-13T19:44:23.8222357Z env:
gate	UNKNOWN STEP	2026-09-13T19:44:23.8222712Z   pythonLocation: /opt/hostedtoolcache/Python/3.12.14/x64
gate	UNKNOWN STEP	2026-09-13T19:44:23.8223203Z   PKG_CONFIG_PATH: /opt/hostedtoolcache/Python/3.12.14/x64/lib/pkgconfig
gate	UNKNOWN STEP	2026-09-13T19:44:23.8223755Z   Python_ROOT_DIR: /opt/hostedtoolcache/Python/3.12.14/x64
gate	UNKNOWN STEP	2026-09-13T19:44:23.8224247Z   Python2_ROOT_DIR: /opt/hostedtoolcache/Python/3.12.14/x64
gate	UNKNOWN STEP	2026-09-13T19:44:23.8224715Z   Python3_ROOT_DIR: /opt/hostedtoolcache/Python/3.12.14/x64
gate	UNKNOWN STEP	2026-09-13T19:44:23.8225198Z   LD_LIBRARY_PATH: /opt/hostedtoolcache/Python/3.12.14/x64/lib
gate	UNKNOWN STEP	2026-09-13T19:44:23.8226164Z ##[endgroup]
gate	UNKNOWN STEP	2026-09-13T19:44:23.9485934Z   [BLOCK] verdict-contract.json (contract L1): suite reported FAIL
gate	UNKNOWN STEP	2026-09-13T19:44:23.9486839Z   [PASS] verdict-history.json (history L1): suite reported PASS
gate	UNKNOWN STEP	2026-09-13T19:44:23.9487440Z   [PASS] verdict-infra.json (infra L1): suite reported PASS
gate	UNKNOWN STEP	2026-09-13T19:44:23.9487949Z   [PASS] verdict-evals.json (evals L2): suite reported PASS
gate	UNKNOWN STEP	2026-09-13T19:44:23.9488759Z   [PASS] verdict-adv.json (adversarial L5): suite reported PASS
gate	UNKNOWN STEP	2026-09-13T19:44:23.9489131Z 
gate	UNKNOWN STEP	2026-09-13T19:44:23.9490060Z gate: BLOCKED (quality regression) — 1 of 5 verdict(s) blocking; exit 1; owner: service team
gate	UNKNOWN STEP	2026-09-13T19:44:23.9651921Z ##[error]Process completed with exit code 1.
gate	UNKNOWN STEP	2026-09-13T19:44:23.9759866Z Node 20 is being deprecated. This workflow is running with Node 24 by default. If you need to temporarily use Node 20, you can set the ACTIONS_ALLOW_USE_UNSECURE_NODE_VERSION=true environment variable. For more information see: https://github.blog/changelog/2025-09-19-deprecation-of-node-20-on-github-actions-runners/
gate	UNKNOWN STEP	2026-09-13T19:44:23.9761086Z Post job cleanup.
gate	UNKNOWN STEP	2026-09-13T19:44:24.0575080Z [command]/usr/bin/git version
gate	UNKNOWN STEP	2026-09-13T19:44:24.0610716Z git version 2.55.0
gate	UNKNOWN STEP	2026-09-13T19:44:24.0642149Z Temporarily overriding HOME='/home/runner/work/_temp/06c8b045-6877-4b08-8555-0b7fded42d8a' before making global git config changes
gate	UNKNOWN STEP	2026-09-13T19:44:24.0643931Z Adding repository directory to the temporary git global config as a safe directory
gate	UNKNOWN STEP	2026-09-13T19:44:24.0647793Z [command]/usr/bin/git config --global --add safe.directory /home/runner/work/beaconpave/beaconpave
gate	UNKNOWN STEP	2026-09-13T19:44:24.0685614Z [command]/usr/bin/git config --local --name-only --get-regexp core\.sshCommand
gate	UNKNOWN STEP	2026-09-13T19:44:24.0715929Z [command]/usr/bin/git submodule foreach --recursive sh -c "git config --local --name-only --get-regexp 'core\.sshCommand' && git config --local --unset-all 'core.sshCommand' || :"
gate	UNKNOWN STEP	2026-09-13T19:44:24.0908027Z [command]/usr/bin/git config --local --name-only --get-regexp http\.https\:\/\/github\.com\/\.extraheader
gate	UNKNOWN STEP	2026-09-13T19:44:24.0929483Z http.https://github.com/.extraheader
gate	UNKNOWN STEP	2026-09-13T19:44:24.0938998Z [command]/usr/bin/git config --local --unset-all http.https://github.com/.extraheader
gate	UNKNOWN STEP	2026-09-13T19:44:24.0969227Z [command]/usr/bin/git submodule foreach --recursive sh -c "git config --local --name-only --get-regexp 'http\.https\:\/\/github\.com\/\.extraheader' && git config --local --unset-all 'http.https://github.com/.extraheader' || :"
gate	UNKNOWN STEP	2026-09-13T19:44:24.1158217Z [command]/usr/bin/git config --local --name-only --get-regexp ^includeIf\.gitdir:
gate	UNKNOWN STEP	2026-09-13T19:44:24.1185627Z [command]/usr/bin/git submodule foreach --recursive git config --local --show-origin --name-only --get-regexp remote.origin.url
gate	UNKNOWN STEP	2026-09-13T19:44:24.1496087Z Cleaning up orphan processes
gate	UNKNOWN STEP	2026-09-13T19:44:24.1899043Z ##[warning]Node.js 20 is deprecated. The following actions target Node.js 20 but are being forced to run on Node.js 24: actions/checkout@v4, actions/setup-node@v4, actions/setup-python@v5. For more information see: https://github.blog/changelog/2025-09-19-deprecation-of-node-20-on-github-actions-runners/
