gate	UNKNOWN STEP	﻿2026-09-13T19:45:01.3528240Z Current runner version: '2.337.0'
gate	UNKNOWN STEP	2026-09-13T19:45:01.3550371Z ##[group]Runner Image Provisioner
gate	UNKNOWN STEP	2026-09-13T19:45:01.3551110Z Hosted Compute Agent
gate	UNKNOWN STEP	2026-09-13T19:45:01.3551630Z Version: 20260828.587
gate	UNKNOWN STEP	2026-09-13T19:45:01.3552190Z Commit: abac92662cab4cc7352de4f9f9d2e2419aad9c29
gate	UNKNOWN STEP	2026-09-13T19:45:01.3552793Z Build Date: 2026-08-28T16:44:25Z
gate	UNKNOWN STEP	2026-09-13T19:45:01.3553328Z Worker ID: {64ae1490-528d-4ad6-9dc0-868b218df5d9}
gate	UNKNOWN STEP	2026-09-13T19:45:01.3553976Z Azure Region: westus3
gate	UNKNOWN STEP	2026-09-13T19:45:01.3554513Z ##[endgroup]
gate	UNKNOWN STEP	2026-09-13T19:45:01.3555892Z ##[group]Operating System
gate	UNKNOWN STEP	2026-09-13T19:45:01.3556411Z Ubuntu
gate	UNKNOWN STEP	2026-09-13T19:45:01.3556827Z 24.04.5
gate	UNKNOWN STEP	2026-09-13T19:45:01.3557295Z LTS
gate	UNKNOWN STEP	2026-09-13T19:45:01.3557751Z ##[endgroup]
gate	UNKNOWN STEP	2026-09-13T19:45:01.3558216Z ##[group]Runner Image
gate	UNKNOWN STEP	2026-09-13T19:45:01.3558847Z Image: ubuntu-24.04
gate	UNKNOWN STEP	2026-09-13T19:45:01.3559316Z Version: 20260907.300.1
gate	UNKNOWN STEP	2026-09-13T19:45:01.3560439Z Included Software: https://github.com/actions/runner-images/blob/ubuntu24/20260907.300/images/ubuntu/Ubuntu2404-Readme.md
gate	UNKNOWN STEP	2026-09-13T19:45:01.3561712Z Image Release: https://github.com/actions/runner-images/releases/tag/ubuntu24%2F20260907.300
gate	UNKNOWN STEP	2026-09-13T19:45:01.3562514Z ##[endgroup]
gate	UNKNOWN STEP	2026-09-13T19:45:01.3563547Z ##[group]GITHUB_TOKEN Permissions
gate	UNKNOWN STEP	2026-09-13T19:45:01.3565343Z Contents: read
gate	UNKNOWN STEP	2026-09-13T19:45:01.3565857Z Metadata: read
gate	UNKNOWN STEP	2026-09-13T19:45:01.3566397Z PullRequests: write
gate	UNKNOWN STEP	2026-09-13T19:45:01.3566872Z ##[endgroup]
gate	UNKNOWN STEP	2026-09-13T19:45:01.3569042Z Secret source: Actions
gate	UNKNOWN STEP	2026-09-13T19:45:01.3569832Z Cache mode: write
gate	UNKNOWN STEP	2026-09-13T19:45:01.3570476Z Prepare workflow directory
gate	UNKNOWN STEP	2026-09-13T19:45:01.3835566Z Prepare all required actions
gate	UNKNOWN STEP	2026-09-13T19:45:01.3874134Z Getting action download info
gate	UNKNOWN STEP	2026-09-13T19:45:01.6854417Z Download action repository 'actions/checkout@v4' (SHA:11d5960a326750d5838078e36cf38b85af677262)
gate	UNKNOWN STEP	2026-09-13T19:45:02.0271215Z Download action repository 'actions/setup-python@v5' (SHA:a26af69be951a213d495a4c3e4e4022e16d87065)
gate	UNKNOWN STEP	2026-09-13T19:45:02.1547823Z Download action repository 'actions/setup-node@v4' (SHA:49933ea5288caeca8642d1e84afbd3f7d6820020)
gate	UNKNOWN STEP	2026-09-13T19:45:03.0116420Z Complete job name: gate
gate	UNKNOWN STEP	2026-09-13T19:45:03.0730701Z Node 20 is being deprecated. This workflow is running with Node 24 by default. If you need to temporarily use Node 20, you can set the ACTIONS_ALLOW_USE_UNSECURE_NODE_VERSION=true environment variable. For more information see: https://github.blog/changelog/2025-09-19-deprecation-of-node-20-on-github-actions-runners/
gate	UNKNOWN STEP	2026-09-13T19:45:03.0737093Z ##[group]Run actions/checkout@v4
gate	UNKNOWN STEP	2026-09-13T19:45:03.0737500Z with:
gate	UNKNOWN STEP	2026-09-13T19:45:03.0737715Z   fetch-depth: 0
gate	UNKNOWN STEP	2026-09-13T19:45:03.0737943Z   repository: andaro74/beaconpave
gate	UNKNOWN STEP	2026-09-13T19:45:03.0740068Z   token: ***
gate	UNKNOWN STEP	2026-09-13T19:45:03.0740287Z   ssh-strict: true
gate	UNKNOWN STEP	2026-09-13T19:45:03.0740503Z   ssh-user: git
gate	UNKNOWN STEP	2026-09-13T19:45:03.0740721Z   persist-credentials: true
gate	UNKNOWN STEP	2026-09-13T19:45:03.0740953Z   clean: true
gate	UNKNOWN STEP	2026-09-13T19:45:03.0741172Z   sparse-checkout-cone-mode: true
gate	UNKNOWN STEP	2026-09-13T19:45:03.0741424Z   fetch-tags: false
gate	UNKNOWN STEP	2026-09-13T19:45:03.0741643Z   show-progress: true
gate	UNKNOWN STEP	2026-09-13T19:45:03.0741905Z   lfs: false
gate	UNKNOWN STEP	2026-09-13T19:45:03.0742159Z   submodules: false
gate	UNKNOWN STEP	2026-09-13T19:45:03.0742374Z   set-safe-directory: true
gate	UNKNOWN STEP	2026-09-13T19:45:03.0742622Z   allow-unsafe-pr-checkout: false
gate	UNKNOWN STEP	2026-09-13T19:45:03.0743023Z ##[endgroup]
gate	UNKNOWN STEP	2026-09-13T19:45:03.1608352Z Syncing repository: andaro74/beaconpave
gate	UNKNOWN STEP	2026-09-13T19:45:03.1610164Z ##[group]Getting Git version info
gate	UNKNOWN STEP	2026-09-13T19:45:03.1610582Z Working directory is '/home/runner/work/beaconpave/beaconpave'
gate	UNKNOWN STEP	2026-09-13T19:45:03.1611251Z [command]/usr/bin/git version
gate	UNKNOWN STEP	2026-09-13T19:45:03.2211011Z git version 2.55.0
gate	UNKNOWN STEP	2026-09-13T19:45:03.2226050Z ##[endgroup]
gate	UNKNOWN STEP	2026-09-13T19:45:03.2239023Z Temporarily overriding HOME='/home/runner/work/_temp/a7bc1f5d-568f-440a-843c-c796b718a5f9' before making global git config changes
gate	UNKNOWN STEP	2026-09-13T19:45:03.2240093Z Adding repository directory to the temporary git global config as a safe directory
gate	UNKNOWN STEP	2026-09-13T19:45:03.2244026Z [command]/usr/bin/git config --global --add safe.directory /home/runner/work/beaconpave/beaconpave
gate	UNKNOWN STEP	2026-09-13T19:45:03.2282826Z Deleting the contents of '/home/runner/work/beaconpave/beaconpave'
gate	UNKNOWN STEP	2026-09-13T19:45:03.2286407Z ##[group]Initializing the repository
gate	UNKNOWN STEP	2026-09-13T19:45:03.2289558Z [command]/usr/bin/git init /home/runner/work/beaconpave/beaconpave
gate	UNKNOWN STEP	2026-09-13T19:45:03.2354897Z hint: Using 'master' as the name for the initial branch. This default branch name
gate	UNKNOWN STEP	2026-09-13T19:45:03.2355387Z hint: will change to "main" in Git 3.0. To configure the initial branch name
gate	UNKNOWN STEP	2026-09-13T19:45:03.2355829Z hint: to use in all of your new repositories, which will suppress this warning,
gate	UNKNOWN STEP	2026-09-13T19:45:03.2356279Z hint: call:
gate	UNKNOWN STEP	2026-09-13T19:45:03.2356602Z hint:
gate	UNKNOWN STEP	2026-09-13T19:45:03.2357061Z hint: 	git config --global init.defaultBranch <name>
gate	UNKNOWN STEP	2026-09-13T19:45:03.2357494Z hint:
gate	UNKNOWN STEP	2026-09-13T19:45:03.2357866Z hint: Names commonly chosen instead of 'master' are 'main', 'trunk' and
gate	UNKNOWN STEP	2026-09-13T19:45:03.2358676Z hint: 'development'. The just-created branch can be renamed via this command:
gate	UNKNOWN STEP	2026-09-13T19:45:03.2359224Z hint:
gate	UNKNOWN STEP	2026-09-13T19:45:03.2359570Z hint: 	git branch -m <name>
gate	UNKNOWN STEP	2026-09-13T19:45:03.2359935Z hint:
gate	UNKNOWN STEP	2026-09-13T19:45:03.2360407Z hint: Disable this message with "git config set advice.defaultBranchName false"
gate	UNKNOWN STEP	2026-09-13T19:45:03.2361240Z Initialized empty Git repository in /home/runner/work/beaconpave/beaconpave/.git/
gate	UNKNOWN STEP	2026-09-13T19:45:03.2366647Z [command]/usr/bin/git remote add origin https://github.com/andaro74/beaconpave
gate	UNKNOWN STEP	2026-09-13T19:45:03.2401540Z ##[endgroup]
gate	UNKNOWN STEP	2026-09-13T19:45:03.2402129Z ##[group]Disabling automatic garbage collection
gate	UNKNOWN STEP	2026-09-13T19:45:03.2405522Z [command]/usr/bin/git config --local gc.auto 0
gate	UNKNOWN STEP	2026-09-13T19:45:03.2429494Z ##[endgroup]
gate	UNKNOWN STEP	2026-09-13T19:45:03.2430054Z ##[group]Setting up auth
gate	UNKNOWN STEP	2026-09-13T19:45:03.2435460Z [command]/usr/bin/git config --local --name-only --get-regexp core\.sshCommand
gate	UNKNOWN STEP	2026-09-13T19:45:03.2461097Z [command]/usr/bin/git submodule foreach --recursive sh -c "git config --local --name-only --get-regexp 'core\.sshCommand' && git config --local --unset-all 'core.sshCommand' || :"
gate	UNKNOWN STEP	2026-09-13T19:45:03.2730177Z [command]/usr/bin/git config --local --name-only --get-regexp http\.https\:\/\/github\.com\/\.extraheader
gate	UNKNOWN STEP	2026-09-13T19:45:03.2755280Z [command]/usr/bin/git submodule foreach --recursive sh -c "git config --local --name-only --get-regexp 'http\.https\:\/\/github\.com\/\.extraheader' && git config --local --unset-all 'http.https://github.com/.extraheader' || :"
gate	UNKNOWN STEP	2026-09-13T19:45:03.2943204Z [command]/usr/bin/git config --local --name-only --get-regexp ^includeIf\.gitdir:
gate	UNKNOWN STEP	2026-09-13T19:45:03.2971569Z [command]/usr/bin/git submodule foreach --recursive git config --local --show-origin --name-only --get-regexp remote.origin.url
gate	UNKNOWN STEP	2026-09-13T19:45:03.3161686Z [command]/usr/bin/git config --local http.https://github.com/.extraheader AUTHORIZATION: basic ***
gate	UNKNOWN STEP	2026-09-13T19:45:03.3190859Z ##[endgroup]
gate	UNKNOWN STEP	2026-09-13T19:45:03.3191500Z ##[group]Fetching the repository
gate	UNKNOWN STEP	2026-09-13T19:45:03.3198988Z [command]/usr/bin/git -c protocol.version=2 fetch --prune --no-recurse-submodules origin +refs/heads/*:refs/remotes/origin/* +refs/tags/*:refs/tags/* +a282de912c545023175a61b160431673951d40ee:refs/remotes/pull/159/merge
gate	UNKNOWN STEP	2026-09-13T19:45:06.7122411Z From https://github.com/andaro74/beaconpave
gate	UNKNOWN STEP	2026-09-13T19:45:06.7123929Z  * [new branch]      citations-that-resolve                   -> origin/citations-that-resolve
gate	UNKNOWN STEP	2026-09-13T19:45:06.7124455Z  * [new branch]      diag-blackout-family                     -> origin/diag-blackout-family
gate	UNKNOWN STEP	2026-09-13T19:45:06.7124988Z  * [new branch]      diag-upgrade-required-vs-blackout        -> origin/diag-upgrade-required-vs-blackout
gate	UNKNOWN STEP	2026-09-13T19:45:06.7125514Z  * [new branch]      exhibit-g1-blocks                        -> origin/exhibit-g1-blocks
gate	UNKNOWN STEP	2026-09-13T19:45:06.7125981Z  * [new branch]      exhibit-m10-152-audit-ci                 -> origin/exhibit-m10-152-audit-ci
gate	UNKNOWN STEP	2026-09-13T19:45:06.7126468Z  * [new branch]      exhibit-m10-pr3-audit-ci                 -> origin/exhibit-m10-pr3-audit-ci
gate	UNKNOWN STEP	2026-09-13T19:45:06.7126943Z  * [new branch]      m00a-foundation                          -> origin/m00a-foundation
gate	UNKNOWN STEP	2026-09-13T19:45:06.7127651Z  * [new branch]      m00b-ungoverned-baseline                 -> origin/m00b-ungoverned-baseline
gate	UNKNOWN STEP	2026-09-13T19:45:06.7128115Z  * [new branch]      m01-gateway                              -> origin/m01-gateway
gate	UNKNOWN STEP	2026-09-13T19:45:06.7128801Z  * [new branch]      m02-exhibit-unregistered-tool            -> origin/m02-exhibit-unregistered-tool
gate	UNKNOWN STEP	2026-09-13T19:45:06.7129562Z  * [new branch]      m02-tool-plane                           -> origin/m02-tool-plane
gate	UNKNOWN STEP	2026-09-13T19:45:06.7130201Z  * [new branch]      m03-evals                                -> origin/m03-evals
gate	UNKNOWN STEP	2026-09-13T19:45:06.7130918Z  * [new branch]      m04-exhibit-polite-answer                -> origin/m04-exhibit-polite-answer
gate	UNKNOWN STEP	2026-09-13T19:45:06.7131488Z  * [new branch]      m04-gate                                 -> origin/m04-gate
gate	UNKNOWN STEP	2026-09-13T19:45:06.7132019Z  * [new branch]      m05-pr1-instruments                      -> origin/m05-pr1-instruments
gate	UNKNOWN STEP	2026-09-13T19:45:06.7132513Z  * [new branch]      m05-pr3-phantom-caller                   -> origin/m05-pr3-phantom-caller
gate	UNKNOWN STEP	2026-09-13T19:45:06.7132972Z  * [new branch]      m05-pr4a-floors                          -> origin/m05-pr4a-floors
gate	UNKNOWN STEP	2026-09-13T19:45:06.7133404Z  * [new branch]      m05-pr4b-verifier                        -> origin/m05-pr4b-verifier
gate	UNKNOWN STEP	2026-09-13T19:45:06.7133847Z  * [new branch]      m05-pr5-template                         -> origin/m05-pr5-template
gate	UNKNOWN STEP	2026-09-13T19:45:06.7134285Z  * [new branch]      m05-pr6-close                            -> origin/m05-pr6-close
gate	UNKNOWN STEP	2026-09-13T19:45:06.7134703Z  * [new branch]      m05-spec-draft6                          -> origin/m05-spec-draft6
gate	UNKNOWN STEP	2026-09-13T19:45:06.7135337Z  * [new branch]      m06-act-redeferral                       -> origin/m06-act-redeferral
gate	UNKNOWN STEP	2026-09-13T19:45:06.7135989Z  * [new branch]      m06-close                                -> origin/m06-close
gate	UNKNOWN STEP	2026-09-13T19:45:06.7136710Z  * [new branch]      m06-pr1a-what-the-gate-reads             -> origin/m06-pr1a-what-the-gate-reads
gate	UNKNOWN STEP	2026-09-13T19:45:06.7137729Z  * [new branch]      m06-pr1b-what-discharges-a-rule          -> origin/m06-pr1b-what-discharges-a-rule
gate	UNKNOWN STEP	2026-09-13T19:45:06.7138797Z  * [new branch]      m06-pr2-a-definition-security-owns       -> origin/m06-pr2-a-definition-security-owns
gate	UNKNOWN STEP	2026-09-13T19:45:06.7139685Z  * [new branch]      m06-pr3-adversarial-contracts            -> origin/m06-pr3-adversarial-contracts
gate	UNKNOWN STEP	2026-09-13T19:45:06.7140480Z  * [new branch]      m06-register-a26-a27                     -> origin/m06-register-a26-a27
gate	UNKNOWN STEP	2026-09-13T19:45:06.7141323Z  * [new branch]      m06-register-mapping                     -> origin/m06-register-mapping
gate	UNKNOWN STEP	2026-09-13T19:45:06.7142200Z  * [new branch]      m06-spec-register                        -> origin/m06-spec-register
gate	UNKNOWN STEP	2026-09-13T19:45:06.7142974Z  * [new branch]      m06-two-decisions-not-built              -> origin/m06-two-decisions-not-built
gate	UNKNOWN STEP	2026-09-13T19:45:06.7143697Z  * [new branch]      m07-pr6-close                            -> origin/m07-pr6-close
gate	UNKNOWN STEP	2026-09-13T19:45:06.7144341Z  * [new branch]      m08-budget                               -> origin/m08-budget
gate	UNKNOWN STEP	2026-09-13T19:45:06.7145028Z  * [new branch]      m08-pr1b-cold-read                       -> origin/m08-pr1b-cold-read
gate	UNKNOWN STEP	2026-09-13T19:45:06.7145920Z  * [new branch]      m08-pr2-register                         -> origin/m08-pr2-register
gate	UNKNOWN STEP	2026-09-13T19:45:06.7146627Z  * [new branch]      m08-pr3-ceiling                          -> origin/m08-pr3-ceiling
gate	UNKNOWN STEP	2026-09-13T19:45:06.7147286Z  * [new branch]      m08-pr4-rescore                          -> origin/m08-pr4-rescore
gate	UNKNOWN STEP	2026-09-13T19:45:06.7148131Z  * [new branch]      m08-pr5-close                            -> origin/m08-pr5-close
gate	UNKNOWN STEP	2026-09-13T19:45:06.7148883Z  * [new branch]      m08b-fresh-run                           -> origin/m08b-fresh-run
gate	UNKNOWN STEP	2026-09-13T19:45:06.7149570Z  * [new branch]      m08b-pr1b-amendment-1                    -> origin/m08b-pr1b-amendment-1
gate	UNKNOWN STEP	2026-09-13T19:45:06.7150282Z  * [new branch]      m08b-pr2-instrument                      -> origin/m08b-pr2-instrument
gate	UNKNOWN STEP	2026-09-13T19:45:06.7151104Z  * [new branch]      m08b-pr3-run                             -> origin/m08b-pr3-run
gate	UNKNOWN STEP	2026-09-13T19:45:06.7151772Z  * [new branch]      m08b-pr4-hermetic                        -> origin/m08b-pr4-hermetic
gate	UNKNOWN STEP	2026-09-13T19:45:06.7152312Z  * [new branch]      m08b-pr6-close                           -> origin/m08b-pr6-close
gate	UNKNOWN STEP	2026-09-13T19:45:06.7152747Z  * [new branch]      m09-pr2-followups                        -> origin/m09-pr2-followups
gate	UNKNOWN STEP	2026-09-13T19:45:06.7153197Z  * [new branch]      m09-pr2-instrument                       -> origin/m09-pr2-instrument
gate	UNKNOWN STEP	2026-09-13T19:45:06.7153639Z  * [new branch]      m09-pr5-close                            -> origin/m09-pr5-close
gate	UNKNOWN STEP	2026-09-13T19:45:06.7154056Z  * [new branch]      m09-rules                                -> origin/m09-rules
gate	UNKNOWN STEP	2026-09-13T19:45:06.7154499Z  * [new branch]      m09b-pr1-documents                       -> origin/m09b-pr1-documents
gate	UNKNOWN STEP	2026-09-13T19:45:06.7154974Z  * [new branch]      m09b-pr1c-withdrawal                     -> origin/m09b-pr1c-withdrawal
gate	UNKNOWN STEP	2026-09-13T19:45:06.7155471Z  * [new branch]      m09b-pr1d-replacement                    -> origin/m09b-pr1d-replacement
gate	UNKNOWN STEP	2026-09-13T19:45:06.7156128Z  * [new branch]      m09b-pr3-one-candidate-per-topic         -> origin/m09b-pr3-one-candidate-per-topic
gate	UNKNOWN STEP	2026-09-13T19:45:06.7156637Z  * [new branch]      m09b-pr5-close                           -> origin/m09b-pr5-close
gate	UNKNOWN STEP	2026-09-13T19:45:06.7157070Z  * [new branch]      m09c-pr1-spec                            -> origin/m09c-pr1-spec
gate	UNKNOWN STEP	2026-09-13T19:45:06.7157491Z  * [new branch]      m09c-pr2-close                           -> origin/m09c-pr2-close
gate	UNKNOWN STEP	2026-09-13T19:45:06.7157999Z  * [new branch]      m10-pr1-verdict-schema-and-spec          -> origin/m10-pr1-verdict-schema-and-spec
gate	UNKNOWN STEP	2026-09-13T19:45:06.7158926Z  * [new branch]      m10-pr2-spec-and-static-player           -> origin/m10-pr2-spec-and-static-player
gate	UNKNOWN STEP	2026-09-13T19:45:06.7159852Z  * [new branch]      m10-pr3-audit-and-cold-review            -> origin/m10-pr3-audit-and-cold-review
gate	UNKNOWN STEP	2026-09-13T19:45:06.7160793Z  * [new branch]      m10-pr4-close                            -> origin/m10-pr4-close
gate	UNKNOWN STEP	2026-09-13T19:45:06.7161487Z  * [new branch]      m11-pr2-drill-instrument                 -> origin/m11-pr2-drill-instrument
gate	UNKNOWN STEP	2026-09-13T19:45:06.7162129Z  * [new branch]      main                                     -> origin/main
gate	UNKNOWN STEP	2026-09-13T19:45:06.7162715Z  * [new branch]      throwaway-gate                           -> origin/throwaway-gate
gate	UNKNOWN STEP	2026-09-13T19:45:06.7163390Z  * [new branch]      throwaway-twokey                         -> origin/throwaway-twokey
gate	UNKNOWN STEP	2026-09-13T19:45:06.7164060Z  * [new tag]         cited-09c-close                          -> cited-09c-close
gate	UNKNOWN STEP	2026-09-13T19:45:06.7164693Z  * [new tag]         cited-09c-pr1                            -> cited-09c-pr1
gate	UNKNOWN STEP	2026-09-13T19:45:06.7165381Z  * [new tag]         cited-1492358                            -> cited-1492358
gate	UNKNOWN STEP	2026-09-13T19:45:06.7166013Z  * [new tag]         cited-a0a63d1                            -> cited-a0a63d1
gate	UNKNOWN STEP	2026-09-13T19:45:06.7166674Z  * [new tag]         cited-a5a8077                            -> cited-a5a8077
gate	UNKNOWN STEP	2026-09-13T19:45:06.7167263Z  * [new tag]         cited-e6589ae                            -> cited-e6589ae
gate	UNKNOWN STEP	2026-09-13T19:45:06.7167816Z  * [new tag]         cited-f8e3bd3                            -> cited-f8e3bd3
gate	UNKNOWN STEP	2026-09-13T19:45:06.7168372Z  * [new tag]         cited-m08b-pr2-r1                        -> cited-m08b-pr2-r1
gate	UNKNOWN STEP	2026-09-13T19:45:06.7169744Z  * [new tag]         cited-m08b-pr2-r2                        -> cited-m08b-pr2-r2
gate	UNKNOWN STEP	2026-09-13T19:45:06.7170299Z  * [new tag]         cited-m09-pr1                            -> cited-m09-pr1
gate	UNKNOWN STEP	2026-09-13T19:45:06.7170806Z  * [new tag]         cited-m09-pr2-r1                         -> cited-m09-pr2-r1
gate	UNKNOWN STEP	2026-09-13T19:45:06.7171392Z  * [new tag]         cited-m09-pr2-r2                         -> cited-m09-pr2-r2
gate	UNKNOWN STEP	2026-09-13T19:45:06.7171916Z  * [new tag]         cited-m09b-pr2                           -> cited-m09b-pr2
gate	UNKNOWN STEP	2026-09-13T19:45:06.7172491Z  * [new tag]         cited-m10-close                          -> cited-m10-close
gate	UNKNOWN STEP	2026-09-13T19:45:06.7172884Z  * [new tag]         cited-m10-pr1                            -> cited-m10-pr1
gate	UNKNOWN STEP	2026-09-13T19:45:06.7173260Z  * [new tag]         cited-m10-pr2                            -> cited-m10-pr2
gate	UNKNOWN STEP	2026-09-13T19:45:06.7173649Z  * [new tag]         cited-m10-pr3                            -> cited-m10-pr3
gate	UNKNOWN STEP	2026-09-13T19:45:06.7174033Z  * [new tag]         cited-m11-pr1                            -> cited-m11-pr1
gate	UNKNOWN STEP	2026-09-13T19:45:06.7174408Z  * [new tag]         cited-m11-pr2                            -> cited-m11-pr2
gate	UNKNOWN STEP	2026-09-13T19:45:06.7174784Z  * [new tag]         drafts-adr-042                           -> drafts-adr-042
gate	UNKNOWN STEP	2026-09-13T19:45:06.7175167Z  * [new tag]         drafts-spec-05                           -> drafts-spec-05
gate	UNKNOWN STEP	2026-09-13T19:45:06.7175550Z  * [new tag]         evidence-m01                             -> evidence-m01
gate	UNKNOWN STEP	2026-09-13T19:45:06.7175908Z  * [new tag]         m00a                                     -> m00a
gate	UNKNOWN STEP	2026-09-13T19:45:06.7176254Z  * [new tag]         m00b                                     -> m00b
gate	UNKNOWN STEP	2026-09-13T19:45:06.7176589Z  * [new tag]         m01                                      -> m01
gate	UNKNOWN STEP	2026-09-13T19:45:06.7176930Z  * [new tag]         m02                                      -> m02
gate	UNKNOWN STEP	2026-09-13T19:45:06.7177262Z  * [new tag]         m03                                      -> m03
gate	UNKNOWN STEP	2026-09-13T19:45:06.7177600Z  * [new tag]         m04                                      -> m04
gate	UNKNOWN STEP	2026-09-13T19:45:06.7177926Z  * [new tag]         m05                                      -> m05
gate	UNKNOWN STEP	2026-09-13T19:45:06.7178247Z  * [new tag]         m06                                      -> m06
gate	UNKNOWN STEP	2026-09-13T19:45:06.7178755Z  * [new tag]         m06b                                     -> m06b
gate	UNKNOWN STEP	2026-09-13T19:45:06.7179161Z  * [new tag]         m06c                                     -> m06c
gate	UNKNOWN STEP	2026-09-13T19:45:06.7179498Z  * [new tag]         m06d                                     -> m06d
gate	UNKNOWN STEP	2026-09-13T19:45:06.7179954Z  * [new tag]         m07                                      -> m07
gate	UNKNOWN STEP	2026-09-13T19:45:06.7180279Z  * [new tag]         m08                                      -> m08
gate	UNKNOWN STEP	2026-09-13T19:45:06.7180603Z  * [new tag]         m08b                                     -> m08b
gate	UNKNOWN STEP	2026-09-13T19:45:06.7180925Z  * [new tag]         m09                                      -> m09
gate	UNKNOWN STEP	2026-09-13T19:45:06.7181245Z  * [new tag]         m09b                                     -> m09b
gate	UNKNOWN STEP	2026-09-13T19:45:06.7181563Z  * [new tag]         m09c                                     -> m09c
gate	UNKNOWN STEP	2026-09-13T19:45:06.7181883Z  * [new tag]         m10                                      -> m10
gate	UNKNOWN STEP	2026-09-13T19:45:06.7182247Z  * [new ref]         a282de912c545023175a61b160431673951d40ee -> pull/159/merge
gate	UNKNOWN STEP	2026-09-13T19:45:06.7183558Z ##[endgroup]
gate	UNKNOWN STEP	2026-09-13T19:45:06.7183925Z ##[group]Determining the checkout info
gate	UNKNOWN STEP	2026-09-13T19:45:06.7184297Z ##[endgroup]
gate	UNKNOWN STEP	2026-09-13T19:45:06.7184540Z [command]/usr/bin/git sparse-checkout disable
gate	UNKNOWN STEP	2026-09-13T19:45:06.8677086Z [command]/usr/bin/git config --local --unset-all extensions.worktreeConfig
gate	UNKNOWN STEP	2026-09-13T19:45:07.0464740Z ##[group]Checking out the ref
gate	UNKNOWN STEP	2026-09-13T19:45:07.0469182Z [command]/usr/bin/git checkout --progress --force refs/remotes/pull/159/merge
gate	UNKNOWN STEP	2026-09-13T19:45:07.5578996Z Note: switching to 'refs/remotes/pull/159/merge'.
gate	UNKNOWN STEP	2026-09-13T19:45:07.5579332Z 
gate	UNKNOWN STEP	2026-09-13T19:45:07.5579588Z You are in 'detached HEAD' state. You can look around, make experimental
gate	UNKNOWN STEP	2026-09-13T19:45:07.5580161Z changes and commit them, and you can discard any commits you make in this
gate	UNKNOWN STEP	2026-09-13T19:45:07.5580756Z state without impacting any branches by switching back to a branch.
gate	UNKNOWN STEP	2026-09-13T19:45:07.5581093Z 
gate	UNKNOWN STEP	2026-09-13T19:45:07.5581308Z If you want to create a new branch to retain commits you create, you may
gate	UNKNOWN STEP	2026-09-13T19:45:07.5581825Z do so (now or later) by using -c with the switch command. Example:
gate	UNKNOWN STEP	2026-09-13T19:45:07.5582141Z 
gate	UNKNOWN STEP	2026-09-13T19:45:07.5582286Z   git switch -c <new-branch-name>
gate	UNKNOWN STEP	2026-09-13T19:45:07.5582890Z 
gate	UNKNOWN STEP	2026-09-13T19:45:07.5583022Z Or undo this operation with:
gate	UNKNOWN STEP	2026-09-13T19:45:07.5583217Z 
gate	UNKNOWN STEP	2026-09-13T19:45:07.5583334Z   git switch -
gate	UNKNOWN STEP	2026-09-13T19:45:07.5583491Z 
gate	UNKNOWN STEP	2026-09-13T19:45:07.5583747Z Turn off this advice by setting config variable advice.detachedHead to false
gate	UNKNOWN STEP	2026-09-13T19:45:07.5584131Z 
gate	UNKNOWN STEP	2026-09-13T19:45:07.5584550Z HEAD is now at a282de9 Merge 11766c40bd1769c32adcd1df391f8410c73035f6 into cc35473a7f55d3a46ccf4aba2d95006965f53b36
gate	UNKNOWN STEP	2026-09-13T19:45:07.5586129Z ##[endgroup]
gate	UNKNOWN STEP	2026-09-13T19:45:07.5619297Z [command]/usr/bin/git log -1 --format=%H
gate	UNKNOWN STEP	2026-09-13T19:45:07.5639234Z a282de912c545023175a61b160431673951d40ee
gate	UNKNOWN STEP	2026-09-13T19:45:07.5850910Z Node 20 is being deprecated. This workflow is running with Node 24 by default. If you need to temporarily use Node 20, you can set the ACTIONS_ALLOW_USE_UNSECURE_NODE_VERSION=true environment variable. For more information see: https://github.blog/changelog/2025-09-19-deprecation-of-node-20-on-github-actions-runners/
gate	UNKNOWN STEP	2026-09-13T19:45:07.5852605Z ##[group]Run actions/setup-python@v5
gate	UNKNOWN STEP	2026-09-13T19:45:07.5852838Z with:
gate	UNKNOWN STEP	2026-09-13T19:45:07.5853003Z   python-version: 3.12
gate	UNKNOWN STEP	2026-09-13T19:45:07.5853188Z   check-latest: false
gate	UNKNOWN STEP	2026-09-13T19:45:07.5854973Z   token: ***
gate	UNKNOWN STEP	2026-09-13T19:45:07.5855151Z   update-environment: true
gate	UNKNOWN STEP	2026-09-13T19:45:07.5855352Z   allow-prereleases: false
gate	UNKNOWN STEP	2026-09-13T19:45:07.5855545Z   freethreaded: false
gate	UNKNOWN STEP	2026-09-13T19:45:07.5855716Z ##[endgroup]
gate	UNKNOWN STEP	2026-09-13T19:45:07.6932653Z ##[group]Installed versions
gate	UNKNOWN STEP	2026-09-13T19:45:07.7015427Z (node:2045) [DEP0040] DeprecationWarning: The `punycode` module is deprecated. Please use a userland alternative instead.
gate	UNKNOWN STEP	2026-09-13T19:45:07.7016396Z (Use `node --trace-deprecation ...` to show where the warning was created)
gate	UNKNOWN STEP	2026-09-13T19:45:07.7016865Z Successfully set up CPython (3.12.14)
gate	UNKNOWN STEP	2026-09-13T19:45:07.7017497Z ##[endgroup]
gate	UNKNOWN STEP	2026-09-13T19:45:07.7132431Z ##[group]Run pip install -e ".[dev]"
gate	UNKNOWN STEP	2026-09-13T19:45:07.7132751Z ^[[36;1mpip install -e ".[dev]"^[[0m
gate	UNKNOWN STEP	2026-09-13T19:45:07.7175428Z shell: /usr/bin/bash -e {0}
gate	UNKNOWN STEP	2026-09-13T19:45:07.7175679Z env:
gate	UNKNOWN STEP	2026-09-13T19:45:07.7175908Z   pythonLocation: /opt/hostedtoolcache/Python/3.12.14/x64
gate	UNKNOWN STEP	2026-09-13T19:45:07.7176279Z   PKG_CONFIG_PATH: /opt/hostedtoolcache/Python/3.12.14/x64/lib/pkgconfig
gate	UNKNOWN STEP	2026-09-13T19:45:07.7176612Z   Python_ROOT_DIR: /opt/hostedtoolcache/Python/3.12.14/x64
gate	UNKNOWN STEP	2026-09-13T19:45:07.7176918Z   Python2_ROOT_DIR: /opt/hostedtoolcache/Python/3.12.14/x64
gate	UNKNOWN STEP	2026-09-13T19:45:07.7177209Z   Python3_ROOT_DIR: /opt/hostedtoolcache/Python/3.12.14/x64
gate	UNKNOWN STEP	2026-09-13T19:45:07.7177502Z   LD_LIBRARY_PATH: /opt/hostedtoolcache/Python/3.12.14/x64/lib
gate	UNKNOWN STEP	2026-09-13T19:45:07.7177762Z ##[endgroup]
gate	UNKNOWN STEP	2026-09-13T19:45:09.9142836Z Obtaining file:///home/runner/work/beaconpave/beaconpave
gate	UNKNOWN STEP	2026-09-13T19:45:09.9172308Z   Installing build dependencies: started
gate	UNKNOWN STEP	2026-09-13T19:45:10.8516439Z   Installing build dependencies: finished with status 'done'
gate	UNKNOWN STEP	2026-09-13T19:45:10.8521235Z   Checking if build backend supports build_editable: started
gate	UNKNOWN STEP	2026-09-13T19:45:11.1471635Z   Checking if build backend supports build_editable: finished with status 'done'
gate	UNKNOWN STEP	2026-09-13T19:45:11.1478791Z   Getting requirements to build editable: started
gate	UNKNOWN STEP	2026-09-13T19:45:11.4341710Z   Getting requirements to build editable: finished with status 'done'
gate	UNKNOWN STEP	2026-09-13T19:45:11.4350026Z   Preparing editable metadata (pyproject.toml): started
gate	UNKNOWN STEP	2026-09-13T19:45:11.5936824Z   Preparing editable metadata (pyproject.toml): finished with status 'done'
gate	UNKNOWN STEP	2026-09-13T19:45:11.6767299Z Collecting pyyaml (from beaconpave==0.1.0)
gate	UNKNOWN STEP	2026-09-13T19:45:11.7332878Z   Downloading pyyaml-6.0.3-cp312-cp312-manylinux2014_x86_64.manylinux_2_17_x86_64.manylinux_2_28_x86_64.whl.metadata (2.4 kB)
gate	UNKNOWN STEP	2026-09-13T19:45:11.7509923Z Collecting jsonschema (from beaconpave==0.1.0)
gate	UNKNOWN STEP	2026-09-13T19:45:11.7607432Z   Downloading jsonschema-4.26.0-py3-none-any.whl.metadata (7.6 kB)
gate	UNKNOWN STEP	2026-09-13T19:45:11.7884410Z Collecting pytest (from beaconpave==0.1.0)
gate	UNKNOWN STEP	2026-09-13T19:45:11.7982711Z   Downloading pytest-9.1.1-py3-none-any.whl.metadata (7.6 kB)
gate	UNKNOWN STEP	2026-09-13T19:45:12.0632482Z Collecting ruff (from beaconpave==0.1.0)
gate	UNKNOWN STEP	2026-09-13T19:45:12.0732357Z   Downloading ruff-0.16.7-py3-none-manylinux_2_17_x86_64.manylinux2014_x86_64.whl.metadata (20 kB)
gate	UNKNOWN STEP	2026-09-13T19:45:12.0889182Z Collecting attrs>=22.2.0 (from jsonschema->beaconpave==0.1.0)
gate	UNKNOWN STEP	2026-09-13T19:45:12.0987027Z   Downloading attrs-26.1.0-py3-none-any.whl.metadata (8.8 kB)
gate	UNKNOWN STEP	2026-09-13T19:45:12.1100993Z Collecting jsonschema-specifications>=2023.03.6 (from jsonschema->beaconpave==0.1.0)
gate	UNKNOWN STEP	2026-09-13T19:45:12.1202659Z   Downloading jsonschema_specifications-2025.9.1-py3-none-any.whl.metadata (2.9 kB)
gate	UNKNOWN STEP	2026-09-13T19:45:12.1365164Z Collecting referencing>=0.28.4 (from jsonschema->beaconpave==0.1.0)
gate	UNKNOWN STEP	2026-09-13T19:45:12.1467566Z   Downloading referencing-0.37.0-py3-none-any.whl.metadata (2.8 kB)
gate	UNKNOWN STEP	2026-09-13T19:45:12.3351224Z Collecting rpds-py>=0.25.0 (from jsonschema->beaconpave==0.1.0)
gate	UNKNOWN STEP	2026-09-13T19:45:12.3452648Z   Downloading rpds_py-2026.6.3-cp312-cp312-manylinux_2_17_x86_64.manylinux2014_x86_64.whl.metadata (4.1 kB)
gate	UNKNOWN STEP	2026-09-13T19:45:12.3632115Z Collecting typing-extensions>=4.4.0 (from referencing>=0.28.4->jsonschema->beaconpave==0.1.0)
gate	UNKNOWN STEP	2026-09-13T19:45:12.3733313Z   Downloading typing_extensions-4.16.0-py3-none-any.whl.metadata (3.3 kB)
gate	UNKNOWN STEP	2026-09-13T19:45:12.3844424Z Collecting iniconfig>=1.0.1 (from pytest->beaconpave==0.1.0)
gate	UNKNOWN STEP	2026-09-13T19:45:12.3946613Z   Downloading iniconfig-2.3.0-py3-none-any.whl.metadata (2.5 kB)
gate	UNKNOWN STEP	2026-09-13T19:45:12.4094554Z Collecting packaging>=22 (from pytest->beaconpave==0.1.0)
gate	UNKNOWN STEP	2026-09-13T19:45:12.4194515Z   Downloading packaging-26.3-py3-none-any.whl.metadata (3.5 kB)
gate	UNKNOWN STEP	2026-09-13T19:45:12.4326854Z Collecting pluggy<2,>=1.5 (from pytest->beaconpave==0.1.0)
gate	UNKNOWN STEP	2026-09-13T19:45:12.4430378Z   Downloading pluggy-1.6.0-py3-none-any.whl.metadata (4.8 kB)
gate	UNKNOWN STEP	2026-09-13T19:45:12.4761829Z Collecting pygments>=2.7.2 (from pytest->beaconpave==0.1.0)
gate	UNKNOWN STEP	2026-09-13T19:45:12.4863503Z   Downloading pygments-2.21.0-py3-none-any.whl.metadata (2.5 kB)
gate	UNKNOWN STEP	2026-09-13T19:45:12.5014802Z Downloading jsonschema-4.26.0-py3-none-any.whl (90 kB)
gate	UNKNOWN STEP	2026-09-13T19:45:12.5251165Z Downloading attrs-26.1.0-py3-none-any.whl (67 kB)
gate	UNKNOWN STEP	2026-09-13T19:45:12.5379863Z Downloading jsonschema_specifications-2025.9.1-py3-none-any.whl (18 kB)
gate	UNKNOWN STEP	2026-09-13T19:45:12.5499361Z Downloading referencing-0.37.0-py3-none-any.whl (26 kB)
gate	UNKNOWN STEP	2026-09-13T19:45:12.5615748Z Downloading rpds_py-2026.6.3-cp312-cp312-manylinux_2_17_x86_64.manylinux2014_x86_64.whl (366 kB)
gate	UNKNOWN STEP	2026-09-13T19:45:12.5927205Z Downloading typing_extensions-4.16.0-py3-none-any.whl (45 kB)
gate	UNKNOWN STEP	2026-09-13T19:45:12.6044728Z Downloading pytest-9.1.1-py3-none-any.whl (386 kB)
gate	UNKNOWN STEP	2026-09-13T19:45:12.6275334Z Downloading pluggy-1.6.0-py3-none-any.whl (20 kB)
gate	UNKNOWN STEP	2026-09-13T19:45:12.6394776Z Downloading iniconfig-2.3.0-py3-none-any.whl (7.5 kB)
gate	UNKNOWN STEP	2026-09-13T19:45:12.6509425Z Downloading packaging-26.3-py3-none-any.whl (129 kB)
gate	UNKNOWN STEP	2026-09-13T19:45:12.6627530Z Downloading pygments-2.21.0-py3-none-any.whl (1.3 MB)
gate	UNKNOWN STEP	2026-09-13T19:45:12.7108337Z    ━━━━━━━━━━━━━━━━━━━━━━━━━━━━━━━━━━━━━━━━ 1.3/1.3 MB 22.0 MB/s  0:00:00
gate	UNKNOWN STEP	2026-09-13T19:45:12.7208854Z Downloading pyyaml-6.0.3-cp312-cp312-manylinux2014_x86_64.manylinux_2_17_x86_64.manylinux_2_28_x86_64.whl (807 kB)
gate	UNKNOWN STEP	2026-09-13T19:45:13.0266968Z    ━━━━━━━━━━━━━━━━━━━━━━━━━━━━━━━━━━━━━━━━ 807.9/807.9 kB 1.8 MB/s  0:00:00
gate	UNKNOWN STEP	2026-09-13T19:45:13.0379954Z Downloading ruff-0.16.7-py3-none-manylinux_2_17_x86_64.manylinux2014_x86_64.whl (10.4 MB)
gate	UNKNOWN STEP	2026-09-13T19:45:13.1988763Z    ━━━━━━━━━━━━━━━━━━━━━━━━━━━━━━━━━━━━━━━━ 10.4/10.4 MB 63.9 MB/s  0:00:00
gate	UNKNOWN STEP	2026-09-13T19:45:13.2308415Z Building wheels for collected packages: beaconpave
gate	UNKNOWN STEP	2026-09-13T19:45:13.2329690Z   Building editable for beaconpave (pyproject.toml): started
gate	UNKNOWN STEP	2026-09-13T19:45:13.4392584Z   Building editable for beaconpave (pyproject.toml): finished with status 'done'
gate	UNKNOWN STEP	2026-09-13T19:45:13.4397416Z   Created wheel for beaconpave: filename=beaconpave-0.1.0-0.editable-py3-none-any.whl size=4039 sha256=d0956d356fedf4270d3e15f007c28a420eb81441b94b9dd27e186c870491abca
gate	UNKNOWN STEP	2026-09-13T19:45:13.4398679Z   Stored in directory: /tmp/pip-ephem-wheel-cache-ra_3wnac/wheels/d9/6e/2a/ad10e4d54ba33ac836463a26689e83741b62c5ec91fc3a106d
gate	UNKNOWN STEP	2026-09-13T19:45:13.4411230Z Successfully built beaconpave
gate	UNKNOWN STEP	2026-09-13T19:45:13.4658310Z Installing collected packages: typing-extensions, ruff, rpds-py, pyyaml, pygments, pluggy, packaging, iniconfig, attrs, referencing, pytest, jsonschema-specifications, jsonschema, beaconpave
gate	UNKNOWN STEP	2026-09-13T19:45:16.4972137Z 
gate	UNKNOWN STEP	2026-09-13T19:45:16.4986910Z Successfully installed attrs-26.1.0 beaconpave-0.1.0 iniconfig-2.3.0 jsonschema-4.26.0 jsonschema-specifications-2025.9.1 packaging-26.3 pluggy-1.6.0 pygments-2.21.0 pytest-9.1.1 pyyaml-6.0.3 referencing-0.37.0 rpds-py-2026.6.3 ruff-0.16.7 typing-extensions-4.16.0
gate	UNKNOWN STEP	2026-09-13T19:45:16.5977765Z ##[group]Run python -m pave.cli check --out verdict-contract.json
gate	UNKNOWN STEP	2026-09-13T19:45:16.5978222Z ^[[36;1mpython -m pave.cli check --out verdict-contract.json^[[0m
gate	UNKNOWN STEP	2026-09-13T19:45:16.6011130Z shell: /usr/bin/bash -e {0}
gate	UNKNOWN STEP	2026-09-13T19:45:16.6011346Z env:
gate	UNKNOWN STEP	2026-09-13T19:45:16.6011573Z   pythonLocation: /opt/hostedtoolcache/Python/3.12.14/x64
gate	UNKNOWN STEP	2026-09-13T19:45:16.6011921Z   PKG_CONFIG_PATH: /opt/hostedtoolcache/Python/3.12.14/x64/lib/pkgconfig
gate	UNKNOWN STEP	2026-09-13T19:45:16.6012278Z   Python_ROOT_DIR: /opt/hostedtoolcache/Python/3.12.14/x64
gate	UNKNOWN STEP	2026-09-13T19:45:16.6012570Z   Python2_ROOT_DIR: /opt/hostedtoolcache/Python/3.12.14/x64
gate	UNKNOWN STEP	2026-09-13T19:45:16.6012867Z   Python3_ROOT_DIR: /opt/hostedtoolcache/Python/3.12.14/x64
gate	UNKNOWN STEP	2026-09-13T19:45:16.6013170Z   LD_LIBRARY_PATH: /opt/hostedtoolcache/Python/3.12.14/x64/lib
gate	UNKNOWN STEP	2026-09-13T19:45:16.6013464Z   PAVE_BASE: cc35473a7f55d3a46ccf4aba2d95006965f53b36
gate	UNKNOWN STEP	2026-09-13T19:45:16.6013698Z ##[endgroup]
gate	UNKNOWN STEP	2026-09-13T19:45:16.8496140Z All checks passed!
gate	UNKNOWN STEP	2026-09-13T19:46:18.7249704Z ==> tool-plane drift (G3): the committed Cedar and contracts vs the registry
gate	UNKNOWN STEP	2026-09-13T19:46:18.7250324Z tool plane current: 4 policies and 3 contract(s) from 3 registered tool(s)
gate	UNKNOWN STEP	2026-09-13T19:46:18.7250805Z ==> rules registry validation (G7)
gate	UNKNOWN STEP	2026-09-13T19:46:18.7251244Z rules registry valid: 1 rule(s), all with owner + control + review-by, no orphaned control refs
gate	UNKNOWN STEP	2026-09-13T19:46:18.7251706Z ==> style (ruff)
gate	UNKNOWN STEP	2026-09-13T19:46:18.7251949Z ==> L0 unit + L1 contract (hermetic)
gate	UNKNOWN STEP	2026-09-13T19:46:18.7252298Z ........................................................................ [  1%]
gate	UNKNOWN STEP	2026-09-13T19:46:18.7252699Z ........................................................................ [  2%]
gate	UNKNOWN STEP	2026-09-13T19:46:18.7253090Z ........................................................................ [  4%]
gate	UNKNOWN STEP	2026-09-13T19:46:18.7253491Z ........................................................................ [  5%]
gate	UNKNOWN STEP	2026-09-13T19:46:18.7253873Z ........................................................................ [  7%]
gate	UNKNOWN STEP	2026-09-13T19:46:18.7254264Z .....................................................s.................. [  8%]
gate	UNKNOWN STEP	2026-09-13T19:46:18.7254668Z ........................................................................ [  9%]
gate	UNKNOWN STEP	2026-09-13T19:46:18.7255070Z ........................................................................ [ 11%]
gate	UNKNOWN STEP	2026-09-13T19:46:18.7255507Z ........................................................................ [ 12%]
gate	UNKNOWN STEP	2026-09-13T19:46:18.7255939Z ........................................................................ [ 14%]
gate	UNKNOWN STEP	2026-09-13T19:46:18.7256366Z ........................................................................ [ 15%]
gate	UNKNOWN STEP	2026-09-13T19:46:18.7256814Z .......F..............................F................................. [ 16%]
gate	UNKNOWN STEP	2026-09-13T19:46:18.7257295Z ..F..................................................................... [ 18%]
gate	UNKNOWN STEP	2026-09-13T19:46:18.7257752Z ........................................................................ [ 19%]
gate	UNKNOWN STEP	2026-09-13T19:46:18.7258205Z ........................................................................ [ 21%]
gate	UNKNOWN STEP	2026-09-13T19:46:18.7258798Z ........................................................................ [ 22%]
gate	UNKNOWN STEP	2026-09-13T19:46:18.7259241Z ........................................................................ [ 23%]
gate	UNKNOWN STEP	2026-09-13T19:46:18.7259682Z ........................................................................ [ 25%]
gate	UNKNOWN STEP	2026-09-13T19:46:18.7260524Z ........................................................................ [ 26%]
gate	UNKNOWN STEP	2026-09-13T19:46:18.7260967Z ........................................................................ [ 28%]
gate	UNKNOWN STEP	2026-09-13T19:46:18.7261416Z ........................................................................ [ 29%]
gate	UNKNOWN STEP	2026-09-13T19:46:18.7261720Z ........................................................................ [ 30%]
gate	UNKNOWN STEP	2026-09-13T19:46:18.7261996Z ........................................................................ [ 32%]
gate	UNKNOWN STEP	2026-09-13T19:46:18.7262478Z ........................................................................ [ 33%]
gate	UNKNOWN STEP	2026-09-13T19:46:18.7262759Z ........................................................................ [ 35%]
gate	UNKNOWN STEP	2026-09-13T19:46:18.7263047Z ........................................................................ [ 36%]
gate	UNKNOWN STEP	2026-09-13T19:46:18.7263355Z ........................................................................ [ 37%]
gate	UNKNOWN STEP	2026-09-13T19:46:18.7263643Z ........................................................................ [ 39%]
gate	UNKNOWN STEP	2026-09-13T19:46:18.7263935Z ........................................................................ [ 40%]
gate	UNKNOWN STEP	2026-09-13T19:46:18.7264213Z ........................................................................ [ 42%]
gate	UNKNOWN STEP	2026-09-13T19:46:18.7264495Z ........................................................................ [ 43%]
gate	UNKNOWN STEP	2026-09-13T19:46:18.7264776Z ........................................................................ [ 44%]
gate	UNKNOWN STEP	2026-09-13T19:46:18.7265055Z ........................................................................ [ 46%]
gate	UNKNOWN STEP	2026-09-13T19:46:18.7265343Z ........................................................................ [ 47%]
gate	UNKNOWN STEP	2026-09-13T19:46:18.7265619Z ........................................................................ [ 49%]
gate	UNKNOWN STEP	2026-09-13T19:46:18.7265892Z ........................................................................ [ 50%]
gate	UNKNOWN STEP	2026-09-13T19:46:18.7266178Z ........................................................................ [ 51%]
gate	UNKNOWN STEP	2026-09-13T19:46:18.7266468Z ........................................................................ [ 53%]
gate	UNKNOWN STEP	2026-09-13T19:46:18.7266754Z ........................................................................ [ 54%]
gate	UNKNOWN STEP	2026-09-13T19:46:18.7267032Z ........................................................................ [ 56%]
gate	UNKNOWN STEP	2026-09-13T19:46:18.7267309Z ........................................................................ [ 57%]
gate	UNKNOWN STEP	2026-09-13T19:46:18.7267589Z ..................................................................ssss.. [ 58%]
gate	UNKNOWN STEP	2026-09-13T19:46:18.7267871Z ........................................................................ [ 60%]
gate	UNKNOWN STEP	2026-09-13T19:46:18.7268144Z ........................................................................ [ 61%]
gate	UNKNOWN STEP	2026-09-13T19:46:18.7268422Z ........................................................................ [ 63%]
gate	UNKNOWN STEP	2026-09-13T19:46:18.7268908Z ........................................................................ [ 64%]
gate	UNKNOWN STEP	2026-09-13T19:46:18.7269201Z ........................................................................ [ 65%]
gate	UNKNOWN STEP	2026-09-13T19:46:18.7269478Z ........................................................................ [ 67%]
gate	UNKNOWN STEP	2026-09-13T19:46:18.7269763Z ........................................................................ [ 68%]
gate	UNKNOWN STEP	2026-09-13T19:46:18.7270046Z ........................................................................ [ 70%]
gate	UNKNOWN STEP	2026-09-13T19:46:18.7270557Z ........................................................................ [ 71%]
gate	UNKNOWN STEP	2026-09-13T19:46:18.7289698Z ........................................................................ [ 72%]
gate	UNKNOWN STEP	2026-09-13T19:46:18.7290166Z ..........................ssss.......................................... [ 74%]
gate	UNKNOWN STEP	2026-09-13T19:46:18.7290608Z ........................................................................ [ 75%]
gate	UNKNOWN STEP	2026-09-13T19:46:18.7291022Z ........................................................................ [ 77%]
gate	UNKNOWN STEP	2026-09-13T19:46:18.7291446Z ........................................................................ [ 78%]
gate	UNKNOWN STEP	2026-09-13T19:46:18.7292154Z ........................................................................ [ 79%]
gate	UNKNOWN STEP	2026-09-13T19:46:18.7292591Z ........................................................................ [ 81%]
gate	UNKNOWN STEP	2026-09-13T19:46:18.7293021Z ........................................................................ [ 82%]
gate	UNKNOWN STEP	2026-09-13T19:46:18.7293433Z ........................................................................ [ 84%]
gate	UNKNOWN STEP	2026-09-13T19:46:18.7293856Z ........................................................................ [ 85%]
gate	UNKNOWN STEP	2026-09-13T19:46:18.7294491Z ........................................................................ [ 86%]
gate	UNKNOWN STEP	2026-09-13T19:46:18.7294971Z ........................................................................ [ 88%]
gate	UNKNOWN STEP	2026-09-13T19:46:18.7295428Z ........................................................................ [ 89%]
gate	UNKNOWN STEP	2026-09-13T19:46:18.7295884Z ........................................................................ [ 91%]
gate	UNKNOWN STEP	2026-09-13T19:46:18.7296361Z ........................................................................ [ 92%]
gate	UNKNOWN STEP	2026-09-13T19:46:18.7296824Z ........................................................................ [ 93%]
gate	UNKNOWN STEP	2026-09-13T19:46:18.7297274Z ........................................................................ [ 95%]
gate	UNKNOWN STEP	2026-09-13T19:46:18.7297731Z ........................................................................ [ 96%]
gate	UNKNOWN STEP	2026-09-13T19:46:18.7298188Z ........................................................................ [ 98%]
gate	UNKNOWN STEP	2026-09-13T19:46:18.7298824Z ........................................................................ [ 99%]
gate	UNKNOWN STEP	2026-09-13T19:46:18.7299293Z ..............................                                           [100%]
gate	UNKNOWN STEP	2026-09-13T19:46:18.7299749Z =================================== FAILURES ===================================
gate	UNKNOWN STEP	2026-09-13T19:46:18.7300286Z _______ test_the_signature_is_hmac_sha256_over_the_pinned_canonical_form _______
gate	UNKNOWN STEP	2026-09-13T19:46:18.7300681Z 
gate	UNKNOWN STEP	2026-09-13T19:46:18.7300992Z tmp_path = PosixPath('/tmp/pytest-of-runner/pytest-0/test_the_signature_is_hmac_sha0')
gate	UNKNOWN STEP	2026-09-13T19:46:18.7301414Z 
gate	UNKNOWN STEP	2026-09-13T19:46:18.7301690Z     def test_the_signature_is_hmac_sha256_over_the_pinned_canonical_form(tmp_path):
gate	UNKNOWN STEP	2026-09-13T19:46:18.7302198Z         root = _repo(tmp_path, cues=GAPPED)
gate	UNKNOWN STEP	2026-09-13T19:46:18.7302621Z         _, artifact = _write(root, tmp_path, "signed.json")
gate	UNKNOWN STEP	2026-09-13T19:46:18.7303091Z         unsigned = {k: v for k, v in artifact.items() if k != "signature"}
gate	UNKNOWN STEP	2026-09-13T19:46:18.7303657Z         message = json.dumps(unsigned, sort_keys=True, separators=(",", ":"),
gate	UNKNOWN STEP	2026-09-13T19:46:18.7304174Z                              ensure_ascii=False).encode("utf-8")
gate	UNKNOWN STEP	2026-09-13T19:46:18.7304563Z         key = KEY.encode("utf-8")
gate	UNKNOWN STEP	2026-09-13T19:46:18.7304894Z >       assert artifact["signature"] == {
gate	UNKNOWN STEP	2026-09-13T19:46:18.7305261Z             "alg": "HMAC-SHA256",
gate	UNKNOWN STEP	2026-09-13T19:46:18.7305618Z             "key_id": hashlib.sha256(key).hexdigest()[:16],
gate	UNKNOWN STEP	2026-09-13T19:46:18.7306104Z             "value": hmac.new(key, message, hashlib.sha256).hexdigest(),
gate	UNKNOWN STEP	2026-09-13T19:46:18.7306531Z         }
gate	UNKNOWN STEP	2026-09-13T19:46:18.7306976Z E       AssertionError: assert {'alg': 'HMAC...e8bcaf6f3181'} == {'alg': 'HMAC...da14dfab6b38'}
gate	UNKNOWN STEP	2026-09-13T19:46:18.7307443Z E         
gate	UNKNOWN STEP	2026-09-13T19:46:18.7307754Z E         Omitting 2 identical items, use -vv to show
gate	UNKNOWN STEP	2026-09-13T19:46:18.7308136Z E         Differing items:
gate	UNKNOWN STEP	2026-09-13T19:46:18.7308947Z E         {'value': '5a80a2e5ae94d9c8e63d3e51af1390ceb7f06903c2e5530ef308e8bcaf6f3181'} != {'value': '9a63e769e9fdb04d3b6fcfb0add33f21224427336ba5d80d58dcda14dfab6b38'}
gate	UNKNOWN STEP	2026-09-13T19:46:18.7309465Z E         
gate	UNKNOWN STEP	2026-09-13T19:46:18.7309622Z E         Full diff:
gate	UNKNOWN STEP	2026-09-13T19:46:18.7309788Z E           {
gate	UNKNOWN STEP	2026-09-13T19:46:18.7309961Z E               'alg': 'HMAC-SHA256',
gate	UNKNOWN STEP	2026-09-13T19:46:18.7310191Z E               'key_id': '6ecfa8801119fd93',
gate	UNKNOWN STEP	2026-09-13T19:46:18.7310517Z E         -     'value': '9a63e769e9fdb04d3b6fcfb0add33f21224427336ba5d80d58dcda14dfab6b38',
gate	UNKNOWN STEP	2026-09-13T19:46:18.7311143Z E         +     'value': '5a80a2e5ae94d9c8e63d3e51af1390ceb7f06903c2e5530ef308e8bcaf6f3181',
gate	UNKNOWN STEP	2026-09-13T19:46:18.7311458Z E           }
gate	UNKNOWN STEP	2026-09-13T19:46:18.7311551Z 
gate	UNKNOWN STEP	2026-09-13T19:46:18.7311637Z tests/test_drill.py:269: AssertionError
gate	UNKNOWN STEP	2026-09-13T19:46:18.7311944Z _____ test_the_readers_were_shown_emitting_before_the_claim_was_committed ______
gate	UNKNOWN STEP	2026-09-13T19:46:18.7312177Z 
gate	UNKNOWN STEP	2026-09-13T19:46:18.7312326Z     def test_the_readers_were_shown_emitting_before_the_claim_was_committed():
gate	UNKNOWN STEP	2026-09-13T19:46:18.7312650Z         text = READINGS.read_text(encoding="utf-8")
gate	UNKNOWN STEP	2026-09-13T19:46:18.7313027Z         assert f"$ {READ} " in text and f"$ {VERIFY} " in text
gate	UNKNOWN STEP	2026-09-13T19:46:18.7313338Z         assert "signature: OK" in text and "signature: MISMATCH" in text
gate	UNKNOWN STEP	2026-09-13T19:46:18.7313690Z         assert text.index("signature: OK") < text.index("signature: MISMATCH"), (
gate	UNKNOWN STEP	2026-09-13T19:46:18.7314083Z             "F3's liveness check must come first (SPEC/11): verify exits 0 on the well-formed "
gate	UNKNOWN STEP	2026-09-13T19:46:19.1149062Z error: check failed:
gate	UNKNOWN STEP	2026-09-13T19:46:19.1149461Z             "artifact before any edited copy is read")
gate	UNKNOWN STEP	2026-09-13T19:46:19.1150066Z         for line in ("decision=NO-GO", "decision=GO", "fix_window_s=", "owner.oncall=",
gate	UNKNOWN STEP	2026-09-13T19:46:19.1150574Z                      "prior_sha256=", "finding=", "sha256sum"):
gate	UNKNOWN STEP	2026-09-13T19:46:19.1151016Z             assert line in text, f"readers.txt shows no {line!r} emitted"
gate	UNKNOWN STEP	2026-09-13T19:46:19.1151400Z     
gate	UNKNOWN STEP	2026-09-13T19:46:19.1151696Z         readings = _last_change(READINGS.relative_to(ROOT).as_posix())
gate	UNKNOWN STEP	2026-09-13T19:46:19.1152135Z         for path in READ_CODE:
gate	UNKNOWN STEP	2026-09-13T19:46:19.1152471Z >           assert _descends(_last_change(path), readings), (
gate	UNKNOWN STEP	2026-09-13T19:46:19.1153018Z                 f"{path} changed after readers.txt was taken: the transcript does not show the "
gate	UNKNOWN STEP	2026-09-13T19:46:19.1153502Z                 "readers as committed")
gate	UNKNOWN STEP	2026-09-13T19:46:19.1154125Z E           AssertionError: pave/drill.py changed after readers.txt was taken: the transcript does not show the readers as committed
gate	UNKNOWN STEP	2026-09-13T19:46:19.1154760Z E           assert False
gate	UNKNOWN STEP	2026-09-13T19:46:19.1155297Z E            +  where False = _descends('11766c40bd1769c32adcd1df391f8410c73035f6', 'a0818692051fb27df51304377620d2227d97e7d6')
gate	UNKNOWN STEP	2026-09-13T19:46:19.1156054Z E            +    where '11766c40bd1769c32adcd1df391f8410c73035f6' = _last_change('pave/drill.py')
gate	UNKNOWN STEP	2026-09-13T19:46:19.1156437Z 
gate	UNKNOWN STEP	2026-09-13T19:46:19.1156557Z tests/test_drill_pins.py:185: AssertionError
gate	UNKNOWN STEP	2026-09-13T19:46:19.1157009Z ___________ test_what_the_writer_writes_the_readers_verify_and_print ___________
gate	UNKNOWN STEP	2026-09-13T19:46:19.1157345Z 
gate	UNKNOWN STEP	2026-09-13T19:46:19.1157624Z tmp_path = PosixPath('/tmp/pytest-of-runner/pytest-0/test_what_the_writer_writes_th0')
gate	UNKNOWN STEP	2026-09-13T19:46:19.1158207Z capsys = <_pytest.capture.CaptureFixture object at 0x7fca642bd2b0>
gate	UNKNOWN STEP	2026-09-13T19:46:19.1158634Z 
gate	UNKNOWN STEP	2026-09-13T19:46:19.1158882Z     def test_what_the_writer_writes_the_readers_verify_and_print(tmp_path, capsys):
gate	UNKNOWN STEP	2026-09-13T19:46:19.1159340Z         root = tmp_path / "repo"
gate	UNKNOWN STEP	2026-09-13T19:46:19.1159651Z         (root / "drill" / "scenarios").mkdir(parents=True)
gate	UNKNOWN STEP	2026-09-13T19:46:19.1159979Z         _git(root, "init", "-q")
gate	UNKNOWN STEP	2026-09-13T19:46:19.1160270Z         _git(root, "config", "core.autocrlf", "false")
gate	UNKNOWN STEP	2026-09-13T19:46:19.1160644Z         (root / drill.SCENARIO_FILE).write_text(json.dumps({
gate	UNKNOWN STEP	2026-09-13T19:46:19.1161085Z             "scenario": "caption-check", "rule": "max-gap", "max_gap_s": 1.0,
gate	UNKNOWN STEP	2026-09-13T19:46:19.1161593Z             "owner": {"seat": "synthetic-seat", "oncall": "webhook:synthetic-oncall"},
gate	UNKNOWN STEP	2026-09-13T19:46:19.1162030Z             "fix_by_window_s": {"7": 90},
gate	UNKNOWN STEP	2026-09-13T19:46:19.1162400Z             "events": {"synthetic-event": {"captions": "captions.vtt"}},
gate	UNKNOWN STEP	2026-09-13T19:46:19.1162779Z         }), encoding="utf-8")
gate	UNKNOWN STEP	2026-09-13T19:46:19.1163053Z         (root / "captions.vtt").write_bytes(
gate	UNKNOWN STEP	2026-09-13T19:46:19.1163395Z             b"WEBVTT\n\ns01\n00:00:00.000 --> 00:00:01.000\na\n\n"
gate	UNKNOWN STEP	2026-09-13T19:46:19.1163748Z             b"s02\n00:00:03.000 --> 00:00:04.000\nb\n")
gate	UNKNOWN STEP	2026-09-13T19:46:19.1164753Z         _git(root, "add", "-A")
gate	UNKNOWN STEP	2026-09-13T19:46:19.1165052Z         _git(root, "commit", "-q", "-m", "synthetic")
gate	UNKNOWN STEP	2026-09-13T19:46:19.1165373Z         out = tmp_path / "written.json"
gate	UNKNOWN STEP	2026-09-13T19:46:19.1165731Z         drill.run("synthetic-event", 7, out, root=root, env=ENV)
gate	UNKNOWN STEP	2026-09-13T19:46:19.1166067Z     
gate	UNKNOWN STEP	2026-09-13T19:46:19.1166356Z >       assert _verify(out, capsys) == (0, ["signature: OK", "schema: OK"])
gate	UNKNOWN STEP	2026-09-13T19:46:19.1166912Z E       AssertionError: assert (1, ['signature: MISMATCH']) == (0, ['signatu...'schema: OK'])
gate	UNKNOWN STEP	2026-09-13T19:46:19.1167518Z E         
gate	UNKNOWN STEP	2026-09-13T19:46:19.1167731Z E         At index 0 diff: 1 != 0
gate	UNKNOWN STEP	2026-09-13T19:46:19.1167986Z E         
gate	UNKNOWN STEP	2026-09-13T19:46:19.1168180Z E         Full diff:
gate	UNKNOWN STEP	2026-09-13T19:46:19.1168393Z E           (
gate	UNKNOWN STEP	2026-09-13T19:46:19.1168718Z E         -     0,
gate	UNKNOWN STEP	2026-09-13T19:46:19.1168927Z E         ?     ^
gate	UNKNOWN STEP	2026-09-13T19:46:19.1169126Z E         +     1,
gate	UNKNOWN STEP	2026-09-13T19:46:19.1169333Z E         ?     ^
gate	UNKNOWN STEP	2026-09-13T19:46:19.1169525Z E               [
gate	UNKNOWN STEP	2026-09-13T19:46:19.1169743Z E         -         'signature: OK',
gate	UNKNOWN STEP	2026-09-13T19:46:19.1170014Z E         ?                     ^^
gate	UNKNOWN STEP	2026-09-13T19:46:19.1170286Z E         +         'signature: MISMATCH',
gate	UNKNOWN STEP	2026-09-13T19:46:19.1170575Z E         ?                     ^^^^^^^^
gate	UNKNOWN STEP	2026-09-13T19:46:19.1170842Z E         -         'schema: OK',
gate	UNKNOWN STEP	2026-09-13T19:46:19.1171097Z E               ],
gate	UNKNOWN STEP	2026-09-13T19:46:19.1171296Z E           )
gate	UNKNOWN STEP	2026-09-13T19:46:19.1171408Z 
gate	UNKNOWN STEP	2026-09-13T19:46:19.1171538Z tests/test_drill_read.py:348: AssertionError
gate	UNKNOWN STEP	2026-09-13T19:46:19.1171905Z =========================== short test summary info ============================
gate	UNKNOWN STEP	2026-09-13T19:46:19.1172877Z FAILED tests/test_drill.py::test_the_signature_is_hmac_sha256_over_the_pinned_canonical_form - AssertionError: assert {'alg': 'HMAC...e8bcaf6f3181'} == {'alg': 'HMAC...da14dfab6b38'}
gate	UNKNOWN STEP	2026-09-13T19:46:19.1173624Z   
gate	UNKNOWN STEP	2026-09-13T19:46:19.1173851Z   Omitting 2 identical items, use -vv to show
gate	UNKNOWN STEP	2026-09-13T19:46:19.1174175Z   Differing items:
gate	UNKNOWN STEP	2026-09-13T19:46:19.1174853Z   {'value': '5a80a2e5ae94d9c8e63d3e51af1390ceb7f06903c2e5530ef308e8bcaf6f3181'} != {'value': '9a63e769e9fdb04d3b6fcfb0add33f21224427336ba5d80d58dcda14dfab6b38'}
gate	UNKNOWN STEP	2026-09-13T19:46:19.1175578Z   
gate	UNKNOWN STEP	2026-09-13T19:46:19.1175768Z   Full diff:
gate	UNKNOWN STEP	2026-09-13T19:46:19.1175972Z     {
gate	UNKNOWN STEP	2026-09-13T19:46:19.1176179Z         'alg': 'HMAC-SHA256',
gate	UNKNOWN STEP	2026-09-13T19:46:19.1176443Z         'key_id': '6ecfa8801119fd93',
gate	UNKNOWN STEP	2026-09-13T19:46:19.1176865Z   -     'value': '9a63e769e9fdb04d3b6fcfb0add33f21224427336ba5d80d58dcda14dfab6b38',
gate	UNKNOWN STEP	2026-09-13T19:46:19.1177468Z   +     'value': '5a80a2e5ae94d9c8e63d3e51af1390ceb7f06903c2e5530ef308e8bcaf6f3181',
gate	UNKNOWN STEP	2026-09-13T19:46:19.1177897Z     }
gate	UNKNOWN STEP	2026-09-13T19:46:19.1178880Z FAILED tests/test_drill_pins.py::test_the_readers_were_shown_emitting_before_the_claim_was_committed - AssertionError: pave/drill.py changed after readers.txt was taken: the transcript does not show the readers as committed
gate	UNKNOWN STEP	2026-09-13T19:46:19.1179797Z assert False
gate	UNKNOWN STEP	2026-09-13T19:46:19.1180275Z  +  where False = _descends('11766c40bd1769c32adcd1df391f8410c73035f6', 'a0818692051fb27df51304377620d2227d97e7d6')
gate	UNKNOWN STEP	2026-09-13T19:46:19.1180956Z  +    where '11766c40bd1769c32adcd1df391f8410c73035f6' = _last_change('pave/drill.py')
gate	UNKNOWN STEP	2026-09-13T19:46:19.1181460Z   pytest failed (exit 1)
gate	UNKNOWN STEP	2026-09-13T19:46:19.1182263Z FAILED tests/test_drill_read.py::test_what_the_writer_writes_the_readers_verify_and_print - AssertionError: assert (1, ['signature: MISMATCH']) == (0, ['signatu...'schema: OK'])
gate	UNKNOWN STEP	2026-09-13T19:46:19.1183034Z   
gate	UNKNOWN STEP	2026-09-13T19:46:19.1183243Z   At index 0 diff: 1 != 0
gate	UNKNOWN STEP	2026-09-13T19:46:19.1183501Z   
gate	UNKNOWN STEP	2026-09-13T19:46:19.1183702Z   Full diff:
gate	UNKNOWN STEP	2026-09-13T19:46:19.1183908Z     (
gate	UNKNOWN STEP	2026-09-13T19:46:19.1184108Z   -     0,
gate	UNKNOWN STEP	2026-09-13T19:46:19.1184314Z   ?     ^
gate	UNKNOWN STEP	2026-09-13T19:46:19.1184512Z   +     1,
gate	UNKNOWN STEP	2026-09-13T19:46:19.1184711Z   ?     ^
gate	UNKNOWN STEP	2026-09-13T19:46:19.1184901Z         [
gate	UNKNOWN STEP	2026-09-13T19:46:19.1185117Z   -         'signature: OK',
gate	UNKNOWN STEP	2026-09-13T19:46:19.1185391Z   ?                     ^^
gate	UNKNOWN STEP	2026-09-13T19:46:19.1185836Z   +         'signature: MISMATCH',
gate	UNKNOWN STEP	2026-09-13T19:46:19.1186112Z   ?                     ^^^^^^^^
gate	UNKNOWN STEP	2026-09-13T19:46:19.1186371Z   -         'schema: OK',
gate	UNKNOWN STEP	2026-09-13T19:46:19.1186608Z         ],
gate	UNKNOWN STEP	2026-09-13T19:46:19.1186802Z     )
gate	UNKNOWN STEP	2026-09-13T19:46:19.1187056Z 3 failed, 5130 passed, 9 skipped in 61.17s (0:01:01)
gate	UNKNOWN STEP	2026-09-13T19:46:19.1187441Z ==> guardrail-refusal band (SPEC/01, reporting only)
gate	UNKNOWN STEP	2026-09-13T19:46:19.1187972Z SPEC/01 guardrail-refusal band: 0-2 expected, >2 is a miscalibrated guardrail (reporting only)
gate	UNKNOWN STEP	2026-09-13T19:46:19.1188753Z   m00b              0 refused  ungoverned 
gate	UNKNOWN STEP	2026-09-13T19:46:19.1189115Z   m01               3 refused  BREACH     {'guardrail': 3}
gate	UNKNOWN STEP	2026-09-13T19:46:19.1189512Z   m02-control-1     5 refused  BREACH     {'guardrail': 5}
gate	UNKNOWN STEP	2026-09-13T19:46:19.1189913Z   m02-control-2     6 refused  BREACH     {'guardrail': 6}
gate	UNKNOWN STEP	2026-09-13T19:46:19.1190315Z   m02-control-3     8 refused  BREACH     {'guardrail': 8}
gate	UNKNOWN STEP	2026-09-13T19:46:19.1190708Z   m02-tools-1       2 refused  within     {'guardrail': 2}
gate	UNKNOWN STEP	2026-09-13T19:46:19.1191098Z   m02-tools-2       3 refused  BREACH     {'guardrail': 3}
gate	UNKNOWN STEP	2026-09-13T19:46:19.1191503Z   m02-tools-3       2 refused  within     {'guardrail': 2}
gate	UNKNOWN STEP	2026-09-13T19:46:19.1191883Z   5 of 7 governed runs breach the band
gate	UNKNOWN STEP	2026-09-13T19:46:19.1192197Z ==> eval dry-run (no model calls)
gate	UNKNOWN STEP	2026-09-13T19:46:19.1192521Z loaded 25 golden cases, catalog has 5 titles
gate	UNKNOWN STEP	2026-09-13T19:46:19.1193225Z dryrun: OK — fixtures resolve, cases load, no model was called
gate	UNKNOWN STEP	2026-09-13T19:46:19.1193640Z wrote verdict: verdict-contract.json
gate	UNKNOWN STEP	2026-09-13T19:46:19.1326393Z ##[error]Process completed with exit code 1.
gate	UNKNOWN STEP	2026-09-13T19:46:19.1389887Z ##[group]Run python -m pave.cli gate history --base "cc35473a7f55d3a46ccf4aba2d95006965f53b36" --out verdict-history.json
gate	UNKNOWN STEP	2026-09-13T19:46:19.1390596Z ^[[36;1mpython -m pave.cli gate history --base "cc35473a7f55d3a46ccf4aba2d95006965f53b36" --out verdict-history.json^[[0m
gate	UNKNOWN STEP	2026-09-13T19:46:19.1422356Z shell: /usr/bin/bash -e {0}
gate	UNKNOWN STEP	2026-09-13T19:46:19.1422574Z env:
gate	UNKNOWN STEP	2026-09-13T19:46:19.1422797Z   pythonLocation: /opt/hostedtoolcache/Python/3.12.14/x64
gate	UNKNOWN STEP	2026-09-13T19:46:19.1423144Z   PKG_CONFIG_PATH: /opt/hostedtoolcache/Python/3.12.14/x64/lib/pkgconfig
gate	UNKNOWN STEP	2026-09-13T19:46:19.1423472Z   Python_ROOT_DIR: /opt/hostedtoolcache/Python/3.12.14/x64
gate	UNKNOWN STEP	2026-09-13T19:46:19.1423761Z   Python2_ROOT_DIR: /opt/hostedtoolcache/Python/3.12.14/x64
gate	UNKNOWN STEP	2026-09-13T19:46:19.1424045Z   Python3_ROOT_DIR: /opt/hostedtoolcache/Python/3.12.14/x64
gate	UNKNOWN STEP	2026-09-13T19:46:19.1424343Z   LD_LIBRARY_PATH: /opt/hostedtoolcache/Python/3.12.14/x64/lib
gate	UNKNOWN STEP	2026-09-13T19:46:19.1424602Z ##[endgroup]
gate	UNKNOWN STEP	2026-09-13T19:46:20.0110283Z [pave history] PASS -- every entry pinned, derivable, anchored; nothing on the base touched.
gate	UNKNOWN STEP	2026-09-13T19:46:20.0353606Z Node 20 is being deprecated. This workflow is running with Node 24 by default. If you need to temporarily use Node 20, you can set the ACTIONS_ALLOW_USE_UNSECURE_NODE_VERSION=true environment variable. For more information see: https://github.blog/changelog/2025-09-19-deprecation-of-node-20-on-github-actions-runners/
gate	UNKNOWN STEP	2026-09-13T19:46:20.0355229Z ##[group]Run actions/setup-node@v4
gate	UNKNOWN STEP	2026-09-13T19:46:20.0355543Z with:
gate	UNKNOWN STEP	2026-09-13T19:46:20.0355785Z   node-version: 20
gate	UNKNOWN STEP	2026-09-13T19:46:20.0356048Z   always-auth: false
gate	UNKNOWN STEP	2026-09-13T19:46:20.0356321Z   check-latest: false
gate	UNKNOWN STEP	2026-09-13T19:46:20.0359696Z   token: ***
gate	UNKNOWN STEP	2026-09-13T19:46:20.0359951Z env:
gate	UNKNOWN STEP	2026-09-13T19:46:20.0360265Z   pythonLocation: /opt/hostedtoolcache/Python/3.12.14/x64
gate	UNKNOWN STEP	2026-09-13T19:46:20.0360814Z   PKG_CONFIG_PATH: /opt/hostedtoolcache/Python/3.12.14/x64/lib/pkgconfig
gate	UNKNOWN STEP	2026-09-13T19:46:20.0361362Z   Python_ROOT_DIR: /opt/hostedtoolcache/Python/3.12.14/x64
gate	UNKNOWN STEP	2026-09-13T19:46:20.0361886Z   Python2_ROOT_DIR: /opt/hostedtoolcache/Python/3.12.14/x64
gate	UNKNOWN STEP	2026-09-13T19:46:20.0362377Z   Python3_ROOT_DIR: /opt/hostedtoolcache/Python/3.12.14/x64
gate	UNKNOWN STEP	2026-09-13T19:46:20.0362866Z   LD_LIBRARY_PATH: /opt/hostedtoolcache/Python/3.12.14/x64/lib
gate	UNKNOWN STEP	2026-09-13T19:46:20.0363277Z ##[endgroup]
gate	UNKNOWN STEP	2026-09-13T19:46:20.1779638Z Attempting to download 20...
gate	UNKNOWN STEP	2026-09-13T19:46:20.1865677Z (node:5696) [DEP0040] DeprecationWarning: The `punycode` module is deprecated. Please use a userland alternative instead.
gate	UNKNOWN STEP	2026-09-13T19:46:20.1866573Z (Use `node --trace-deprecation ...` to show where the warning was created)
gate	UNKNOWN STEP	2026-09-13T19:46:21.6712821Z Acquiring 20.20.2 - x64 from https://github.com/actions/node-versions/releases/download/20.20.2-23521894959/node-20.20.2-linux-x64.tar.gz
gate	UNKNOWN STEP	2026-09-13T19:46:21.6714443Z Extracting ...
gate	UNKNOWN STEP	2026-09-13T19:46:21.6814739Z [command]/usr/bin/tar xz --strip 1 --warning=no-unknown-keyword --overwrite -C /home/runner/work/_temp/054d175b-86c0-4cc0-ae3c-86aa4cabeb82 -f /home/runner/work/_temp/c8c06ffa-3325-41a2-a2db-01e1ff32f247
gate	UNKNOWN STEP	2026-09-13T19:46:22.5283749Z Adding to the cache ...
gate	UNKNOWN STEP	2026-09-13T19:46:24.9909135Z ##[group]Environment details
gate	UNKNOWN STEP	2026-09-13T19:46:25.3038862Z node: v20.20.2
gate	UNKNOWN STEP	2026-09-13T19:46:25.3039105Z npm: 10.8.2
gate	UNKNOWN STEP	2026-09-13T19:46:25.3039273Z yarn: 1.22.22
gate	UNKNOWN STEP	2026-09-13T19:46:25.3039822Z ##[endgroup]
gate	UNKNOWN STEP	2026-09-13T19:46:25.3179383Z ##[group]Run cd platform/infra && npm ci && npx cdk synth --quiet && cd ../..
gate	UNKNOWN STEP	2026-09-13T19:46:25.3179846Z ^[[36;1mcd platform/infra && npm ci && npx cdk synth --quiet && cd ../..^[[0m
gate	UNKNOWN STEP	2026-09-13T19:46:25.3180228Z ^[[36;1mpython -m pave.cli infra snapshot --check --out verdict-infra.json^[[0m
gate	UNKNOWN STEP	2026-09-13T19:46:25.3212512Z shell: /usr/bin/bash -e {0}
gate	UNKNOWN STEP	2026-09-13T19:46:25.3212718Z env:
gate	UNKNOWN STEP	2026-09-13T19:46:25.3212935Z   pythonLocation: /opt/hostedtoolcache/Python/3.12.14/x64
gate	UNKNOWN STEP	2026-09-13T19:46:25.3213287Z   PKG_CONFIG_PATH: /opt/hostedtoolcache/Python/3.12.14/x64/lib/pkgconfig
gate	UNKNOWN STEP	2026-09-13T19:46:25.3213627Z   Python_ROOT_DIR: /opt/hostedtoolcache/Python/3.12.14/x64
gate	UNKNOWN STEP	2026-09-13T19:46:25.3213925Z   Python2_ROOT_DIR: /opt/hostedtoolcache/Python/3.12.14/x64
gate	UNKNOWN STEP	2026-09-13T19:46:25.3214226Z   Python3_ROOT_DIR: /opt/hostedtoolcache/Python/3.12.14/x64
gate	UNKNOWN STEP	2026-09-13T19:46:25.3214523Z   LD_LIBRARY_PATH: /opt/hostedtoolcache/Python/3.12.14/x64/lib
gate	UNKNOWN STEP	2026-09-13T19:46:25.3214783Z ##[endgroup]
gate	UNKNOWN STEP	2026-09-13T19:46:29.3969184Z 
gate	UNKNOWN STEP	2026-09-13T19:46:29.3976525Z added 26 packages, and audited 47 packages in 4s
gate	UNKNOWN STEP	2026-09-13T19:46:29.3976921Z 
gate	UNKNOWN STEP	2026-09-13T19:46:29.3977203Z 1 package is looking for funding
gate	UNKNOWN STEP	2026-09-13T19:46:29.3977560Z   run `npm fund` for details
gate	UNKNOWN STEP	2026-09-13T19:46:29.3978785Z 
gate	UNKNOWN STEP	2026-09-13T19:46:29.3979006Z found 0 vulnerabilities
gate	UNKNOWN STEP	2026-09-13T19:46:34.6131767Z Bundling asset BeaconpaveGateway/CatalogSearchFn/Code/Stage...
gate	UNKNOWN STEP	2026-09-13T19:46:34.6194202Z Bundling asset BeaconpaveGateway/EntitlementCheckFn/Code/Stage...
gate	UNKNOWN STEP	2026-09-13T19:46:36.6529810Z Successfully synthesized to /home/runner/work/beaconpave/beaconpave/platform/infra/cdk.out
gate	UNKNOWN STEP	2026-09-13T19:46:36.6530441Z Supply a stack id (BeaconpaveGateway, BeaconpaveAuditTrail) to display its template.
gate	UNKNOWN STEP	2026-09-13T19:46:36.6537378Z 76 feature flags are not configured. Run 'cdk flags --unstable=flags' to learn more.
gate	UNKNOWN STEP	2026-09-13T19:46:36.9226236Z wrote verdict: verdict-infra.json
gate	UNKNOWN STEP	2026-09-13T19:46:36.9226911Z synth snapshot current: 2 template(s)
gate	UNKNOWN STEP	2026-09-13T19:46:36.9412238Z ##[group]Run python -m pave.cli evals run services/highlights-agent --out verdict-evals.json
gate	UNKNOWN STEP	2026-09-13T19:46:36.9412764Z ^[[36;1mpython -m pave.cli evals run services/highlights-agent --out verdict-evals.json^[[0m
gate	UNKNOWN STEP	2026-09-13T19:46:36.9445010Z shell: /usr/bin/bash -e {0}
gate	UNKNOWN STEP	2026-09-13T19:46:36.9445209Z env:
gate	UNKNOWN STEP	2026-09-13T19:46:36.9445425Z   pythonLocation: /opt/hostedtoolcache/Python/3.12.14/x64
gate	UNKNOWN STEP	2026-09-13T19:46:36.9445773Z   PKG_CONFIG_PATH: /opt/hostedtoolcache/Python/3.12.14/x64/lib/pkgconfig
gate	UNKNOWN STEP	2026-09-13T19:46:36.9446107Z   Python_ROOT_DIR: /opt/hostedtoolcache/Python/3.12.14/x64
gate	UNKNOWN STEP	2026-09-13T19:46:36.9446402Z   Python2_ROOT_DIR: /opt/hostedtoolcache/Python/3.12.14/x64
gate	UNKNOWN STEP	2026-09-13T19:46:36.9446686Z   Python3_ROOT_DIR: /opt/hostedtoolcache/Python/3.12.14/x64
gate	UNKNOWN STEP	2026-09-13T19:46:36.9446972Z   LD_LIBRARY_PATH: /opt/hostedtoolcache/Python/3.12.14/x64/lib
gate	UNKNOWN STEP	2026-09-13T19:46:36.9447225Z ##[endgroup]
gate	UNKNOWN STEP	2026-09-13T19:46:37.2047045Z [pave evals] highlights-agent: PASS - control_passed 17, tools_passed 15
gate	UNKNOWN STEP	2026-09-13T19:46:37.2234735Z ##[group]Run python -m pave.cli adversarial run services/highlights-agent --out verdict-adv.json
gate	UNKNOWN STEP	2026-09-13T19:46:37.2235808Z ^[[36;1mpython -m pave.cli adversarial run services/highlights-agent --out verdict-adv.json^[[0m
gate	UNKNOWN STEP	2026-09-13T19:46:37.2281166Z shell: /usr/bin/bash -e {0}
gate	UNKNOWN STEP	2026-09-13T19:46:37.2281479Z env:
gate	UNKNOWN STEP	2026-09-13T19:46:37.2281818Z   pythonLocation: /opt/hostedtoolcache/Python/3.12.14/x64
gate	UNKNOWN STEP	2026-09-13T19:46:37.2282377Z   PKG_CONFIG_PATH: /opt/hostedtoolcache/Python/3.12.14/x64/lib/pkgconfig
gate	UNKNOWN STEP	2026-09-13T19:46:37.2282918Z   Python_ROOT_DIR: /opt/hostedtoolcache/Python/3.12.14/x64
gate	UNKNOWN STEP	2026-09-13T19:46:37.2283414Z   Python2_ROOT_DIR: /opt/hostedtoolcache/Python/3.12.14/x64
gate	UNKNOWN STEP	2026-09-13T19:46:37.2283894Z   Python3_ROOT_DIR: /opt/hostedtoolcache/Python/3.12.14/x64
gate	UNKNOWN STEP	2026-09-13T19:46:37.2284373Z   LD_LIBRARY_PATH: /opt/hostedtoolcache/Python/3.12.14/x64/lib
gate	UNKNOWN STEP	2026-09-13T19:46:37.2284781Z ##[endgroup]
gate	UNKNOWN STEP	2026-09-13T19:46:37.3723531Z [pave adversarial] highlights-agent: PASS - m00b_passed 0, m00b_scored 10, m01_passed 6, m01_scored 10, m04_passed 7, m04_scored 10; 33 of 34 G4 semantics case(s) scored
gate	UNKNOWN STEP	2026-09-13T19:46:37.3891573Z ##[group]Run python -m pave.cli gate comment --verdicts verdict-contract.json verdict-history.json verdict-infra.json verdict-evals.json verdict-adv.json
gate	UNKNOWN STEP	2026-09-13T19:46:37.3892387Z ^[[36;1mpython -m pave.cli gate comment --verdicts verdict-contract.json verdict-history.json verdict-infra.json verdict-evals.json verdict-adv.json^[[0m
gate	UNKNOWN STEP	2026-09-13T19:46:37.3924952Z shell: /usr/bin/bash -e {0}
gate	UNKNOWN STEP	2026-09-13T19:46:37.3925159Z env:
gate	UNKNOWN STEP	2026-09-13T19:46:37.3925386Z   pythonLocation: /opt/hostedtoolcache/Python/3.12.14/x64
gate	UNKNOWN STEP	2026-09-13T19:46:37.3925725Z   PKG_CONFIG_PATH: /opt/hostedtoolcache/Python/3.12.14/x64/lib/pkgconfig
gate	UNKNOWN STEP	2026-09-13T19:46:37.3926055Z   Python_ROOT_DIR: /opt/hostedtoolcache/Python/3.12.14/x64
gate	UNKNOWN STEP	2026-09-13T19:46:37.3926352Z   Python2_ROOT_DIR: /opt/hostedtoolcache/Python/3.12.14/x64
gate	UNKNOWN STEP	2026-09-13T19:46:37.3926646Z   Python3_ROOT_DIR: /opt/hostedtoolcache/Python/3.12.14/x64
gate	UNKNOWN STEP	2026-09-13T19:46:37.3926936Z   LD_LIBRARY_PATH: /opt/hostedtoolcache/Python/3.12.14/x64/lib
gate	UNKNOWN STEP	2026-09-13T19:46:37.3929499Z   GITHUB_TOKEN: ***
gate	UNKNOWN STEP	2026-09-13T19:46:37.3929687Z ##[endgroup]
gate	UNKNOWN STEP	2026-09-13T19:46:38.5432265Z <!-- beaconpave-gate -->
gate	UNKNOWN STEP	2026-09-13T19:46:38.5432644Z ### quality gate: BLOCKED
gate	UNKNOWN STEP	2026-09-13T19:46:38.5432833Z 
gate	UNKNOWN STEP	2026-09-13T19:46:38.5432990Z | | suite | layer | scores | |
gate	UNKNOWN STEP	2026-09-13T19:46:38.5433278Z |---|---|---|---|---|
gate	UNKNOWN STEP	2026-09-13T19:46:38.5433947Z | ❌ FAIL | contract | L1 | — | suite reported FAIL |
gate	UNKNOWN STEP	2026-09-13T19:46:38.5434409Z | ✅ PASS | history | L1 | — |  |
gate	UNKNOWN STEP	2026-09-13T19:46:38.5434758Z | ✅ PASS | infra | L1 | — |  |
gate	UNKNOWN STEP	2026-09-13T19:46:38.5435247Z | ✅ PASS | evals | L2 | `control_passed` 17, `tools_passed` 15 |  |
gate	UNKNOWN STEP	2026-09-13T19:46:38.5436164Z | ✅ PASS | adversarial | L5 | `m00b_passed` 0, `m00b_scored` 10, `m01_passed` 6, `m01_scored` 10, `m04_passed` 7, `m04_scored` 10 |  |
gate	UNKNOWN STEP	2026-09-13T19:46:38.5436615Z 
gate	UNKNOWN STEP	2026-09-13T19:46:38.5436708Z #### what moved
gate	UNKNOWN STEP	2026-09-13T19:46:38.5436852Z 
gate	UNKNOWN STEP	2026-09-13T19:46:38.5437326Z **contract**
gate	UNKNOWN STEP	2026-09-13T19:46:38.5437606Z - pytest failed (exit 1)
gate	UNKNOWN STEP	2026-09-13T19:46:38.5437833Z 
gate	UNKNOWN STEP	2026-09-13T19:46:38.5437966Z #### what to do
gate	UNKNOWN STEP	2026-09-13T19:46:38.5442262Z - **contract** — reproduce locally with `python -m pave.cli check` (or `make check`) — hermetic, no cloud account, no network, about 30 seconds. The failing step's full output is in this run's workflow log; these notes carry the verdict, not the transcript. Re-run a single failure with `python -m pytest <file>::<test> -q`. A test named for a defect that no longer exercises it is worse than a missing one, so fix the code before the assertion. A contract failure is the code under test rather than the harness, so it pages the service team — do NOT reach for a comparator or a baseline.
gate	UNKNOWN STEP	2026-09-13T19:46:38.5444658Z 
gate	UNKNOWN STEP	2026-09-13T19:46:38.5445783Z **Blocked (a suite reported a regression); exit 1; owner: service team.** This check is required and cannot be merged past — a gate that can be merged past is not a gate.
gate	UNKNOWN STEP	2026-09-13T19:46:38.5446769Z [pave gate] updated comment 5655623400 on PR #159
gate	UNKNOWN STEP	2026-09-13T19:46:38.5645272Z ##[group]Run python -m pave.cli gate decide --verdicts verdict-contract.json verdict-history.json verdict-infra.json verdict-evals.json verdict-adv.json
gate	UNKNOWN STEP	2026-09-13T19:46:38.5646259Z ^[[36;1mpython -m pave.cli gate decide --verdicts verdict-contract.json verdict-history.json verdict-infra.json verdict-evals.json verdict-adv.json^[[0m
gate	UNKNOWN STEP	2026-09-13T19:46:38.5677661Z shell: /usr/bin/bash -e {0}
gate	UNKNOWN STEP	2026-09-13T19:46:38.5677861Z env:
gate	UNKNOWN STEP	2026-09-13T19:46:38.5678080Z   pythonLocation: /opt/hostedtoolcache/Python/3.12.14/x64
gate	UNKNOWN STEP	2026-09-13T19:46:38.5678421Z   PKG_CONFIG_PATH: /opt/hostedtoolcache/Python/3.12.14/x64/lib/pkgconfig
gate	UNKNOWN STEP	2026-09-13T19:46:38.5678856Z   Python_ROOT_DIR: /opt/hostedtoolcache/Python/3.12.14/x64
gate	UNKNOWN STEP	2026-09-13T19:46:38.5679153Z   Python2_ROOT_DIR: /opt/hostedtoolcache/Python/3.12.14/x64
gate	UNKNOWN STEP	2026-09-13T19:46:38.5679442Z   Python3_ROOT_DIR: /opt/hostedtoolcache/Python/3.12.14/x64
gate	UNKNOWN STEP	2026-09-13T19:46:38.5679736Z   LD_LIBRARY_PATH: /opt/hostedtoolcache/Python/3.12.14/x64/lib
gate	UNKNOWN STEP	2026-09-13T19:46:38.5680032Z ##[endgroup]
gate	UNKNOWN STEP	2026-09-13T19:46:38.6886342Z   [BLOCK] verdict-contract.json (contract L1): suite reported FAIL
gate	UNKNOWN STEP	2026-09-13T19:46:38.6887001Z   [PASS] verdict-history.json (history L1): suite reported PASS
gate	UNKNOWN STEP	2026-09-13T19:46:38.6887529Z   [PASS] verdict-infra.json (infra L1): suite reported PASS
gate	UNKNOWN STEP	2026-09-13T19:46:38.6888023Z   [PASS] verdict-evals.json (evals L2): suite reported PASS
gate	UNKNOWN STEP	2026-09-13T19:46:38.6888818Z   [PASS] verdict-adv.json (adversarial L5): suite reported PASS
gate	UNKNOWN STEP	2026-09-13T19:46:38.6889110Z 
gate	UNKNOWN STEP	2026-09-13T19:46:38.6889879Z gate: BLOCKED (quality regression) — 1 of 5 verdict(s) blocking; exit 1; owner: service team
gate	UNKNOWN STEP	2026-09-13T19:46:38.7028351Z ##[error]Process completed with exit code 1.
gate	UNKNOWN STEP	2026-09-13T19:46:38.7106980Z Node 20 is being deprecated. This workflow is running with Node 24 by default. If you need to temporarily use Node 20, you can set the ACTIONS_ALLOW_USE_UNSECURE_NODE_VERSION=true environment variable. For more information see: https://github.blog/changelog/2025-09-19-deprecation-of-node-20-on-github-actions-runners/
gate	UNKNOWN STEP	2026-09-13T19:46:38.7108053Z Post job cleanup.
gate	UNKNOWN STEP	2026-09-13T19:46:38.7791054Z [command]/usr/bin/git version
gate	UNKNOWN STEP	2026-09-13T19:46:38.7822160Z git version 2.55.0
gate	UNKNOWN STEP	2026-09-13T19:46:38.7851598Z Temporarily overriding HOME='/home/runner/work/_temp/118c39c3-4222-4b7a-9df1-233f80570c4e' before making global git config changes
gate	UNKNOWN STEP	2026-09-13T19:46:38.7853006Z Adding repository directory to the temporary git global config as a safe directory
gate	UNKNOWN STEP	2026-09-13T19:46:38.7856467Z [command]/usr/bin/git config --global --add safe.directory /home/runner/work/beaconpave/beaconpave
gate	UNKNOWN STEP	2026-09-13T19:46:38.7888722Z [command]/usr/bin/git config --local --name-only --get-regexp core\.sshCommand
gate	UNKNOWN STEP	2026-09-13T19:46:38.7918370Z [command]/usr/bin/git submodule foreach --recursive sh -c "git config --local --name-only --get-regexp 'core\.sshCommand' && git config --local --unset-all 'core.sshCommand' || :"
gate	UNKNOWN STEP	2026-09-13T19:46:38.8112492Z [command]/usr/bin/git config --local --name-only --get-regexp http\.https\:\/\/github\.com\/\.extraheader
gate	UNKNOWN STEP	2026-09-13T19:46:38.8131932Z http.https://github.com/.extraheader
gate	UNKNOWN STEP	2026-09-13T19:46:38.8140853Z [command]/usr/bin/git config --local --unset-all http.https://github.com/.extraheader
gate	UNKNOWN STEP	2026-09-13T19:46:38.8168830Z [command]/usr/bin/git submodule foreach --recursive sh -c "git config --local --name-only --get-regexp 'http\.https\:\/\/github\.com\/\.extraheader' && git config --local --unset-all 'http.https://github.com/.extraheader' || :"
gate	UNKNOWN STEP	2026-09-13T19:46:38.8361954Z [command]/usr/bin/git config --local --name-only --get-regexp ^includeIf\.gitdir:
gate	UNKNOWN STEP	2026-09-13T19:46:38.8387804Z [command]/usr/bin/git submodule foreach --recursive git config --local --show-origin --name-only --get-regexp remote.origin.url
gate	UNKNOWN STEP	2026-09-13T19:46:38.8696736Z Cleaning up orphan processes
gate	UNKNOWN STEP	2026-09-13T19:46:38.8965440Z ##[warning]Node.js 20 is deprecated. The following actions target Node.js 20 but are being forced to run on Node.js 24: actions/checkout@v4, actions/setup-node@v4, actions/setup-python@v5. For more information see: https://github.blog/changelog/2025-09-19-deprecation-of-node-20-on-github-actions-runners/
